Archive member included to satisfy reference by file (symbol)

.\CortexM3\ARM_GCC_541\Debug\DC-Motor-PWM.a(UART_1.o)
                              .\CortexM3\ARM_GCC_541\Debug\main.o (UART_1_Start)
.\CortexM3\ARM_GCC_541\Debug\DC-Motor-PWM.a(isr_uart_rx.o)
                              .\CortexM3\ARM_GCC_541\Debug\main.o (isr_uart_rx_StartEx)
.\CortexM3\ARM_GCC_541\Debug\DC-Motor-PWM.a(PWM_1.o)
                              .\CortexM3\ARM_GCC_541\Debug\main.o (PWM_1_Stop)
.\CortexM3\ARM_GCC_541\Debug\DC-Motor-PWM.a(UART_1_IntClock.o)
                              .\CortexM3\ARM_GCC_541\Debug\DC-Motor-PWM.a(UART_1.o) (UART_1_IntClock_Start)
.\CortexM3\ARM_GCC_541\Debug\DC-Motor-PWM.a(CyLib.o)
                              .\CortexM3\ARM_GCC_541\Debug\Cm3Start.o (CyHalt)
.\CortexM3\ARM_GCC_541\Debug\DC-Motor-PWM.a(cyPm.o)
                              .\CortexM3\ARM_GCC_541\Debug\DC-Motor-PWM.a(CyLib.o) (CyPmReadStatus)
.\CortexM3\ARM_GCC_541\Debug\DC-Motor-PWM.a(CyBootAsmGnu.o)
                              .\CortexM3\ARM_GCC_541\Debug\cyfitter_cfg.o (CyDelayCycles)
.\CortexM3\ARM_GCC_541\Debug\DC-Motor-PWM.a(CyFlash.o)
                              .\CortexM3\ARM_GCC_541\Debug\DC-Motor-PWM.a(cyPm.o) (CyFlash_SetWaitCycles)
.\CortexM3\ARM_GCC_541\Debug\DC-Motor-PWM.a(CySpc.o)
                              .\CortexM3\ARM_GCC_541\Debug\DC-Motor-PWM.a(CyFlash.o) (CySpcStart)
c:/program files (x86)/cypress/psoc creator/4.2/psoc creator/import/gnu/arm/5.4.1/bin/../lib/gcc/arm-none-eabi/5.4.1/../../../../arm-none-eabi/lib/armv7-m\libg_nano.a(lib_a-errno.o)
                              .\CortexM3\ARM_GCC_541\Debug\Cm3Start.o (__errno)
c:/program files (x86)/cypress/psoc creator/4.2/psoc creator/import/gnu/arm/5.4.1/bin/../lib/gcc/arm-none-eabi/5.4.1/../../../../arm-none-eabi/lib/armv7-m\libg_nano.a(lib_a-exit.o)
                              c:/program files (x86)/cypress/psoc creator/4.2/psoc creator/import/gnu/arm/5.4.1/bin/../lib/gcc/arm-none-eabi/5.4.1/../../../../arm-none-eabi/lib/armv7-m/crt0.o (exit)
c:/program files (x86)/cypress/psoc creator/4.2/psoc creator/import/gnu/arm/5.4.1/bin/../lib/gcc/arm-none-eabi/5.4.1/../../../../arm-none-eabi/lib/armv7-m\libg_nano.a(lib_a-impure.o)
                              c:/program files (x86)/cypress/psoc creator/4.2/psoc creator/import/gnu/arm/5.4.1/bin/../lib/gcc/arm-none-eabi/5.4.1/../../../../arm-none-eabi/lib/armv7-m\libg_nano.a(lib_a-exit.o) (_global_impure_ptr)
c:/program files (x86)/cypress/psoc creator/4.2/psoc creator/import/gnu/arm/5.4.1/bin/../lib/gcc/arm-none-eabi/5.4.1/../../../../arm-none-eabi/lib/armv7-m\libg_nano.a(lib_a-init.o)
                              c:/program files (x86)/cypress/psoc creator/4.2/psoc creator/import/gnu/arm/5.4.1/bin/../lib/gcc/arm-none-eabi/5.4.1/../../../../arm-none-eabi/lib/armv7-m/crt0.o (__libc_init_array)
c:/program files (x86)/cypress/psoc creator/4.2/psoc creator/import/gnu/arm/5.4.1/bin/../lib/gcc/arm-none-eabi/5.4.1/../../../../arm-none-eabi/lib/armv7-m\libg_nano.a(lib_a-memcpy-stub.o)
                              .\CortexM3\ARM_GCC_541\Debug\cyfitter_cfg.o (memcpy)
c:/program files (x86)/cypress/psoc creator/4.2/psoc creator/import/gnu/arm/5.4.1/bin/../lib/gcc/arm-none-eabi/5.4.1/../../../../arm-none-eabi/lib/armv7-m\libg_nano.a(lib_a-memset.o)
                              c:/program files (x86)/cypress/psoc creator/4.2/psoc creator/import/gnu/arm/5.4.1/bin/../lib/gcc/arm-none-eabi/5.4.1/../../../../arm-none-eabi/lib/armv7-m/crt0.o (memset)
c:/program files (x86)/cypress/psoc creator/4.2/psoc creator/import/gnu/arm/5.4.1/bin/../lib/gcc/arm-none-eabi/5.4.1/../../../../arm-none-eabi/lib/armv7-m\libg_nano.a(lib_a-nano-vfprintf_float.o)
                              (_printf_float)
c:/program files (x86)/cypress/psoc creator/4.2/psoc creator/import/gnu/arm/5.4.1/bin/../lib/gcc/arm-none-eabi/5.4.1/../../../../arm-none-eabi/lib/armv7-m\libg_nano.a(lib_a-nano-vfprintf_i.o)
                              c:/program files (x86)/cypress/psoc creator/4.2/psoc creator/import/gnu/arm/5.4.1/bin/../lib/gcc/arm-none-eabi/5.4.1/../../../../arm-none-eabi/lib/armv7-m\libg_nano.a(lib_a-nano-vfprintf_float.o) (_printf_common)
c:/program files (x86)/cypress/psoc creator/4.2/psoc creator/import/gnu/arm/5.4.1/bin/../lib/gcc/arm-none-eabi/5.4.1/../../../../arm-none-eabi/lib/armv7-m\libg_nano.a(lib_a-strlen.o)
                              c:/program files (x86)/cypress/psoc creator/4.2/psoc creator/import/gnu/arm/5.4.1/bin/../lib/gcc/arm-none-eabi/5.4.1/../../../../arm-none-eabi/lib/armv7-m\libg_nano.a(lib_a-nano-vfprintf_float.o) (strlen)
c:/program files (x86)/cypress/psoc creator/4.2/psoc creator/import/gnu/arm/5.4.1/bin/../lib/gcc/arm-none-eabi/5.4.1/../../../../arm-none-eabi/lib/armv7-m\libg_nano.a(lib_a-dtoa.o)
[...]
Memory Configuration

Name             Origin             Length             Attributes
rom              0x00000000         0x00040000         xr
ram              0x1fff8000         0x00010000         xrw
*default*        0x00000000         0xffffffff

Linker script and memory map

LOAD c:/program files (x86)/cypress/psoc creator/4.2/psoc creator/import/gnu/arm/5.4.1/bin/../lib/gcc/arm-none-eabi/5.4.1/armv7-m/crti.o
LOAD c:/program files (x86)/cypress/psoc creator/4.2/psoc creator/import/gnu/arm/5.4.1/bin/../lib/gcc/arm-none-eabi/5.4.1/armv7-m/crtbegin.o
LOAD c:/program files (x86)/cypress/psoc creator/4.2/psoc creator/import/gnu/arm/5.4.1/bin/../lib/gcc/arm-none-eabi/5.4.1/../../../../arm-none-eabi/lib/armv7-m/crt0.o
START GROUP
LOAD .\CortexM3\ARM_GCC_541\Debug\main.o
LOAD .\CortexM3\ARM_GCC_541\Debug\cyfitter_cfg.o
LOAD .\CortexM3\ARM_GCC_541\Debug\cymetadata.o
LOAD .\CortexM3\ARM_GCC_541\Debug\Cm3Start.o
LOAD .\CortexM3\ARM_GCC_541\Debug\DC-Motor-PWM.a
LOAD C:\Program Files (x86)\Cypress\PSoC Creator\4.2\PSoC Creator\psoc\content\cycomponentlibrary\CyComponentLibrary.cylib\CortexM3\ARM_GCC_541\Debug\CyComponentLibrary.a
END GROUP
START GROUP
LOAD c:/program files (x86)/cypress/psoc creator/4.2/psoc creator/import/gnu/arm/5.4.1/bin/../lib/gcc/arm-none-eabi/5.4.1/armv7-m\libgcc.a
LOAD c:/program files (x86)/cypress/psoc creator/4.2/psoc creator/import/gnu/arm/5.4.1/bin/../lib/gcc/arm-none-eabi/5.4.1/../../../../arm-none-eabi/lib/armv7-m\libg_nano.a
LOAD c:/program files (x86)/cypress/psoc creator/4.2/psoc creator/import/gnu/arm/5.4.1/bin/../lib/gcc/arm-none-eabi/5.4.1/../../../../arm-none-eabi/lib/armv7-m\libc_nano.a
END GROUP
START GROUP
LOAD c:/program files (x86)/cypress/psoc creator/4.2/psoc creator/import/gnu/arm/5.4.1/bin/../lib/gcc/arm-none-eabi/5.4.1/armv7-m\libgcc.a
LOAD c:/program files (x86)/cypress/psoc creator/4.2/psoc creator/import/gnu/arm/5.4.1/bin/../lib/gcc/arm-none-eabi/5.4.1/../../../../arm-none-eabi/lib/armv7-m\libc_nano.a
END GROUP
LOAD c:/program files (x86)/cypress/psoc creator/4.2/psoc creator/import/gnu/arm/5.4.1/bin/../lib/gcc/arm-none-eabi/5.4.1/armv7-m/crtend.o
LOAD c:/program files (x86)/cypress/psoc creator/4.2/psoc creator/import/gnu/arm/5.4.1/bin/../lib/gcc/arm-none-eabi/5.4.1/armv7-m/crtn.o
START GROUP
LOAD c:/program files (x86)/cypress/psoc creator/4.2/psoc creator/import/gnu/arm/5.4.1/bin/../lib/gcc/arm-none-eabi/5.4.1/armv7-m\libgcc.a
LOAD c:/program files (x86)/cypress/psoc creator/4.2/psoc creator/import/gnu/arm/5.4.1/bin/../lib/gcc/arm-none-eabi/5.4.1/../../../../arm-none-eabi/lib/armv7-m\libc.a
LOAD c:/program files (x86)/cypress/psoc creator/4.2/psoc creator/import/gnu/arm/5.4.1/bin/../lib/gcc/arm-none-eabi/5.4.1/../../../../arm-none-eabi/lib/armv7-m\libnosys.a
END GROUP
                0x00000000                CY_APPL_ORIGIN = 0x0
                0x00000100                CY_FLASH_ROW_SIZE = 0x100
                0x00000020                CY_ECC_ROW_SIZE = 0x20
                0x00000000                CY_EE_IN_BTLDR = 0x0
                0x00000000                CY_APPL_LOADABLE = 0x0
                0x00000800                CY_EE_SIZE = 0x800
                0x00000001                CY_APPL_NUM = 0x1
                0x00000001                CY_APPL_MAX = 0x1
                0x00000040                CY_METADATA_SIZE = 0x40
                0x00000000                CY_APPL_LOADABLE = 0x0
                0x00000000                CY_CHECKSUM_EXCLUDE_SIZE = ALIGN (0x0, CY_FLASH_ROW_SIZE)
                [!provide]                PROVIDE (__cy_heap_start, _end)
                0x00000001                PROVIDE (__cy_region_num, ((__cy_regions_end - __cy_regions) / 0x10))
                0x20008000                PROVIDE (__cy_stack, (ORIGIN (ram) + LENGTH (ram)))
                [!provide]                PROVIDE (__cy_heap_end, (__cy_stack - 0x800))

.cybootloader   0x00000000        0x0
 *(.cybootloader)
                0x00000000                appl1_start = CY_APPL_ORIGIN?CY_APPL_ORIGIN:ALIGN (CY_FLASH_ROW_SIZE)
                0x0001ff00                appl2_start = (appl1_start + ALIGN ((((LENGTH (rom) - appl1_start) - (0x2 * CY_FLASH_ROW_SIZE)) / 0x2), CY_FLASH_ROW_SIZE))
                0x00000000                appl_start = (CY_APPL_NUM == 0x1)?appl1_start:appl2_start
                0x00000000                ecc_offset = ((appl_start / CY_FLASH_ROW_SIZE) * CY_ECC_ROW_SIZE)
                0x00000000                ee_offset = (CY_APPL_LOADABLE && ! (CY_EE_IN_BTLDR))?((CY_EE_SIZE / CY_APPL_MAX) * (CY_APPL_NUM - 0x1)):0x0
                0x00000800                ee_size = (CY_APPL_LOADABLE && ! (CY_EE_IN_BTLDR))?(CY_EE_SIZE / CY_APPL_MAX):CY_EE_SIZE
                [!provide]                PROVIDE (CY_ECC_OFFSET, ecc_offset)

.text           0x00000000     0x2af8
 CREATE_OBJECT_SYMBOLS
                0x00000000                PROVIDE (__cy_interrupt_vector, RomVectors)
 *(.romvectors)
 .romvectors    0x00000000       0x10 .\CortexM3\ARM_GCC_541\Debug\Cm3Start.o
                0x00000000                RomVectors
                0x00000001                ASSERT ((. != __cy_interrupt_vector), No interrupt vector)
                0x00000001                ASSERT (CY_APPL_ORIGIN?(SIZEOF (.cybootloader) <= CY_APPL_ORIGIN):0x1, Wrong image location)
                0x00000010                PROVIDE (__cy_reset, Reset)
 *(.text.Reset)
 .text.Reset    0x00000010       0x18 .\CortexM3\ARM_GCC_541\Debug\Cm3Start.o
                0x00000010                Reset
                0x00000001                ASSERT ((. != __cy_reset), No reset code)
 *(.dma_init)
                0x00000001                ASSERT ((((appl_start + .) <= 0x10000) || 0x1), DMA Init must be within the first 64k of flash)
 *(.text .text.* .gnu.linkonce.t.*)
 .text          0x00000028       0x5c c:/program files (x86)/cypress/psoc creator/4.2/psoc creator/import/gnu/arm/5.4.1/bin/../lib/gcc/arm-none-eabi/5.4.1/armv7-m/crtbegin.o
 .text.main     0x00000084       0x54 .\CortexM3\ARM_GCC_541\Debug\main.o
                0x00000084                main
 .text.decreaseSpeed
                0x000000d8       0x44 .\CortexM3\ARM_GCC_541\Debug\main.o
                0x000000d8                decreaseSpeed
 .text.increaseSpeed
                0x0000011c       0x38 .\CortexM3\ARM_GCC_541\Debug\main.o
                0x0000011c                increaseSpeed
 .text.driveForwards
                0x00000154       0x14 .\CortexM3\ARM_GCC_541\Debug\main.o
                0x00000154                driveForwards
 .text.driveBackwards
                0x00000168       0x10 .\CortexM3\ARM_GCC_541\Debug\main.o
                0x00000168                driveBackwards
 .text.stop     0x00000178       0x14 .\CortexM3\ARM_GCC_541\Debug\main.o
                0x00000178                stop
 .text.handleByteReceived
                0x0000018c       0x3c .\CortexM3\ARM_GCC_541\Debug\main.o
                0x0000018c                handleByteReceived
 .text.ISR_UART_rx_handler
                0x000001c8       0x24 .\CortexM3\ARM_GCC_541\Debug\main.o
                0x000001c8                ISR_UART_rx_handler
 .text.CyClockStartupError
                0x000001ec        0x4 .\CortexM3\ARM_GCC_541\Debug\cyfitter_cfg.o
 .text.cfg_write_bytes32
                0x000001f0       0x34 .\CortexM3\ARM_GCC_541\Debug\cyfitter_cfg.o
 .text.AnalogSetDefault
                0x00000224       0x28 .\CortexM3\ARM_GCC_541\Debug\cyfitter_cfg.o
 .text.CYMEMZERO
                0x0000024c        0xc .\CortexM3\ARM_GCC_541\Debug\cyfitter_cfg.o
 .text.ClockSetup
                0x00000258       0xc8 .\CortexM3\ARM_GCC_541\Debug\cyfitter_cfg.o
 .text.CYCONFIGCPY
                0x00000320        0x8 .\CortexM3\ARM_GCC_541\Debug\cyfitter_cfg.o
 .text.cyfitter_cfg
                0x00000328      0x110 .\CortexM3\ARM_GCC_541\Debug\cyfitter_cfg.o
                0x00000328                cyfitter_cfg
 .text.IntDefaultHandler
                0x00000438       0x10 .\CortexM3\ARM_GCC_541\Debug\Cm3Start.o
                0x00000438                IntDefaultHandler
 .text._sbrk    0x00000448       0x30 .\CortexM3\ARM_GCC_541\Debug\Cm3Start.o
                0x00000448                _sbrk
 .text.Start_c  0x00000478       0x4c .\CortexM3\ARM_GCC_541\Debug\Cm3Start.o
                0x00000478                Start_c
 .text.initialize_psoc
                0x000004c4       0x68 .\CortexM3\ARM_GCC_541\Debug\Cm3Start.o
                0x000004c4                initialize_psoc
 .text.UART_1_Init
                0x0000052c       0x28 .\CortexM3\ARM_GCC_541\Debug\DC-Motor-PWM.a(UART_1.o)
                0x0000052c                UART_1_Init
 .text.UART_1_Enable
                0x00000554       0x3c .\CortexM3\ARM_GCC_541\Debug\DC-Motor-PWM.a(UART_1.o)
                0x00000554                UART_1_Enable
 .text.UART_1_Start
                0x00000590       0x1c .\CortexM3\ARM_GCC_541\Debug\DC-Motor-PWM.a(UART_1.o)
                0x00000590                UART_1_Start
 .text.UART_1_ReadRxData
                0x000005ac        0xc .\CortexM3\ARM_GCC_541\Debug\DC-Motor-PWM.a(UART_1.o)
                0x000005ac                UART_1_ReadRxData
 .text.UART_1_GetRxBufferSize
                0x000005b8       0x18 .\CortexM3\ARM_GCC_541\Debug\DC-Motor-PWM.a(UART_1.o)
                0x000005b8                UART_1_GetRxBufferSize
 .text.UART_1_WriteTxData
                0x000005d0       0x14 .\CortexM3\ARM_GCC_541\Debug\DC-Motor-PWM.a(UART_1.o)
                0x000005d0                UART_1_WriteTxData
 .text.UART_1_PutChar
                0x000005e4       0x18 .\CortexM3\ARM_GCC_541\Debug\DC-Motor-PWM.a(UART_1.o)
                0x000005e4                UART_1_PutChar
 .text.UART_1_PutString
                0x000005fc       0x24 .\CortexM3\ARM_GCC_541\Debug\DC-Motor-PWM.a(UART_1.o)
                0x000005fc                UART_1_PutString
 .text.isr_uart_rx_SetVector
                0x00000620        0xc .\CortexM3\ARM_GCC_541\Debug\DC-Motor-PWM.a(isr_uart_rx.o)
                0x00000620                isr_uart_rx_SetVector
 .text.isr_uart_rx_SetPriority
                0x0000062c       0x10 .\CortexM3\ARM_GCC_541\Debug\DC-Motor-PWM.a(isr_uart_rx.o)
                0x0000062c                isr_uart_rx_SetPriority
 .text.isr_uart_rx_Enable
                0x0000063c        0xc .\CortexM3\ARM_GCC_541\Debug\DC-Motor-PWM.a(isr_uart_rx.o)
                0x0000063c                isr_uart_rx_Enable
 .text.isr_uart_rx_Disable
                0x00000648        0xc .\CortexM3\ARM_GCC_541\Debug\DC-Motor-PWM.a(isr_uart_rx.o)
                0x00000648                isr_uart_rx_Disable
 .text.isr_uart_rx_StartEx
                0x00000654       0x1c .\CortexM3\ARM_GCC_541\Debug\DC-Motor-PWM.a(isr_uart_rx.o)
                0x00000654                isr_uart_rx_StartEx
 .text.PWM_1_Enable
                0x00000670       0x10 .\CortexM3\ARM_GCC_541\Debug\DC-Motor-PWM.a(PWM_1.o)
                0x00000670                PWM_1_Enable
 .text.PWM_1_Stop
                0x00000680       0x10 .\CortexM3\ARM_GCC_541\Debug\DC-Motor-PWM.a(PWM_1.o)
                0x00000680                PWM_1_Stop
 .text.PWM_1_WriteCounter
                0x00000690        0xc .\CortexM3\ARM_GCC_541\Debug\DC-Motor-PWM.a(PWM_1.o)
                0x00000690                PWM_1_WriteCounter
 .text.PWM_1_WritePeriod
                0x0000069c        0xc .\CortexM3\ARM_GCC_541\Debug\DC-Motor-PWM.a(PWM_1.o)
                0x0000069c                PWM_1_WritePeriod
 .text.PWM_1_WriteCompare
                0x000006a8        0xc .\CortexM3\ARM_GCC_541\Debug\DC-Motor-PWM.a(PWM_1.o)
                0x000006a8                PWM_1_WriteCompare
 .text.PWM_1_SetInterruptMode
                0x000006b4        0xc .\CortexM3\ARM_GCC_541\Debug\DC-Motor-PWM.a(PWM_1.o)
                0x000006b4                PWM_1_SetInterruptMode
 .text.PWM_1_ReadStatusRegister
                0x000006c0        0xc .\CortexM3\ARM_GCC_541\Debug\DC-Motor-PWM.a(PWM_1.o)
                0x000006c0                PWM_1_ReadStatusRegister
 .text.PWM_1_ReadCapture
                0x000006cc        0xc .\CortexM3\ARM_GCC_541\Debug\DC-Motor-PWM.a(PWM_1.o)
                0x000006cc                PWM_1_ReadCapture
 .text.PWM_1_ClearFIFO
                0x000006d8       0x14 .\CortexM3\ARM_GCC_541\Debug\DC-Motor-PWM.a(PWM_1.o)
                0x000006d8                PWM_1_ClearFIFO
 .text.PWM_1_Init
                0x000006ec       0x54 .\CortexM3\ARM_GCC_541\Debug\DC-Motor-PWM.a(PWM_1.o)
                0x000006ec                PWM_1_Init
 .text.PWM_1_Start
                0x00000740       0x1c .\CortexM3\ARM_GCC_541\Debug\DC-Motor-PWM.a(PWM_1.o)
                0x00000740                PWM_1_Start
 .text.PWM_1_ReadCompare
                0x0000075c        0xc .\CortexM3\ARM_GCC_541\Debug\DC-Motor-PWM.a(PWM_1.o)
                0x0000075c                PWM_1_ReadCompare
 .text.UART_1_IntClock_Start
                0x00000768       0x1c .\CortexM3\ARM_GCC_541\Debug\DC-Motor-PWM.a(UART_1_IntClock.o)
                0x00000768                UART_1_IntClock_Start
 *fill*         0x00000784        0x4 
 .text          0x00000788       0x20 .\CortexM3\ARM_GCC_541\Debug\DC-Motor-PWM.a(CyBootAsmGnu.o)
                0x00000788                CyDelayCycles
                0x00000798                CyEnterCriticalSection
                0x000007a0                CyExitCriticalSection
 .text.__errno  0x000007a8        0xc c:/program files (x86)/cypress/psoc creator/4.2/psoc creator/import/gnu/arm/5.4.1/bin/../lib/gcc/arm-none-eabi/5.4.1/../../../../arm-none-eabi/lib/armv7-m\libg_nano.a(lib_a-errno.o)
                0x000007a8                __errno
 .text.__libc_init_array
                0x000007b4       0x4c c:/program files (x86)/cypress/psoc creator/4.2/psoc creator/import/gnu/arm/5.4.1/bin/../lib/gcc/arm-none-eabi/5.4.1/../../../../arm-none-eabi/lib/armv7-m\libg_nano.a(lib_a-init.o)
                0x000007b4                __libc_init_array
 .text.memcpy   0x00000800       0x16 c:/program files (x86)/cypress/psoc creator/4.2/psoc creator/import/gnu/arm/5.4.1/bin/../lib/gcc/arm-none-eabi/5.4.1/../../../../arm-none-eabi/lib/armv7-m\libg_nano.a(lib_a-memcpy-stub.o)
                0x00000800                memcpy
 .text.memset   0x00000816       0x10 c:/program files (x86)/cypress/psoc creator/4.2/psoc creator/import/gnu/arm/5.4.1/bin/../lib/gcc/arm-none-eabi/5.4.1/../../../../arm-none-eabi/lib/armv7-m\libg_nano.a(lib_a-memset.o)
                0x00000816                memset
 .text.__cvt    0x00000826       0xc0 c:/program files (x86)/cypress/psoc creator/4.2/psoc creator/import/gnu/arm/5.4.1/bin/../lib/gcc/arm-none-eabi/5.4.1/../../../../arm-none-eabi/lib/armv7-m\libg_nano.a(lib_a-nano-vfprintf_float.o)
                0x00000826                __cvt
 .text.__exponent
                0x000008e6       0x62 c:/program files (x86)/cypress/psoc creator/4.2/psoc creator/import/gnu/arm/5.4.1/bin/../lib/gcc/arm-none-eabi/5.4.1/../../../../arm-none-eabi/lib/armv7-m\libg_nano.a(lib_a-nano-vfprintf_float.o)
                0x000008e6                __exponent
 .text._printf_float
                0x00000948      0x488 c:/program files (x86)/cypress/psoc creator/4.2/psoc creator/import/gnu/arm/5.4.1/bin/../lib/gcc/arm-none-eabi/5.4.1/../../../../arm-none-eabi/lib/armv7-m\libg_nano.a(lib_a-nano-vfprintf_float.o)
                0x00000948                _printf_float
 .text._printf_common
                0x00000dd0       0xec c:/program files (x86)/cypress/psoc creator/4.2/psoc creator/import/gnu/arm/5.4.1/bin/../lib/gcc/arm-none-eabi/5.4.1/../../../../arm-none-eabi/lib/armv7-m\libg_nano.a(lib_a-nano-vfprintf_i.o)
                0x00000dd0                _printf_common
 .text          0x00000ebc       0x10 c:/program files (x86)/cypress/psoc creator/4.2/psoc creator/import/gnu/arm/5.4.1/bin/../lib/gcc/arm-none-eabi/5.4.1/../../../../arm-none-eabi/lib/armv7-m\libg_nano.a(lib_a-strlen.o)
                0x00000ebc                strlen
 .text.quorem   0x00000ecc      0x116 c:/program files (x86)/cypress/psoc creator/4.2/psoc creator/import/gnu/arm/5.4.1/bin/../lib/gcc/arm-none-eabi/5.4.1/../../../../arm-none-eabi/lib/armv7-m\libg_nano.a(lib_a-dtoa.o)
 *fill*         0x00000fe2        0x6 
 .text._dtoa_r  0x00000fe8      0xb30 c:/program files (x86)/cypress/psoc creator/4.2/psoc creator/import/gnu/arm/5.4.1/bin/../lib/gcc/arm-none-eabi/5.4.1/../../../../arm-none-eabi/lib/armv7-m\libg_nano.a(lib_a-dtoa.o)
                0x00000fe8                _dtoa_r
 .text._localeconv_r
                0x00001b18        0x8 c:/program files (x86)/cypress/psoc creator/4.2/psoc creator/import/gnu/arm/5.4.1/bin/../lib/gcc/arm-none-eabi/5.4.1/../../../../arm-none-eabi/lib/armv7-m\libg_nano.a(lib_a-locale.o)
                0x00001b18                _localeconv_r
 .text.malloc   0x00001b20       0x10 c:/program files (x86)/cypress/psoc creator/4.2/psoc creator/import/gnu/arm/5.4.1/bin/../lib/gcc/arm-none-eabi/5.4.1/../../../../arm-none-eabi/lib/armv7-m\libg_nano.a(lib_a-malloc.o)
                0x00001b20                malloc
 .text._Balloc  0x00001b30       0x6a c:/program files (x86)/cypress/psoc creator/4.2/psoc creator/import/gnu/arm/5.4.1/bin/../lib/gcc/arm-none-eabi/5.4.1/../../../../arm-none-eabi/lib/armv7-m\libg_nano.a(lib_a-mprec.o)
                0x00001b30                _Balloc
 .text._Bfree   0x00001b9a       0x2e c:/program files (x86)/cypress/psoc creator/4.2/psoc creator/import/gnu/arm/5.4.1/bin/../lib/gcc/arm-none-eabi/5.4.1/../../../../arm-none-eabi/lib/armv7-m\libg_nano.a(lib_a-mprec.o)
                0x00001b9a                _Bfree
 .text.__multadd
                0x00001bc8       0x76 c:/program files (x86)/cypress/psoc creator/4.2/psoc creator/import/gnu/arm/5.4.1/bin/../lib/gcc/arm-none-eabi/5.4.1/../../../../arm-none-eabi/lib/armv7-m\libg_nano.a(lib_a-mprec.o)
                0x00001bc8                __multadd
 .text.__hi0bits
                0x00001c3e       0x40 c:/program files (x86)/cypress/psoc creator/4.2/psoc creator/import/gnu/arm/5.4.1/bin/../lib/gcc/arm-none-eabi/5.4.1/../../../../arm-none-eabi/lib/armv7-m\libg_nano.a(lib_a-mprec.o)
                0x00001c3e                __hi0bits
 .text.__lo0bits
                0x00001c7e       0x5a c:/program files (x86)/cypress/psoc creator/4.2/psoc creator/import/gnu/arm/5.4.1/bin/../lib/gcc/arm-none-eabi/5.4.1/../../../../arm-none-eabi/lib/armv7-m\libg_nano.a(lib_a-mprec.o)
                0x00001c7e                __lo0bits
 .text.__i2b    0x00001cd8       0x12 c:/program files (x86)/cypress/psoc creator/4.2/psoc creator/import/gnu/arm/5.4.1/bin/../lib/gcc/arm-none-eabi/5.4.1/../../../../arm-none-eabi/lib/armv7-m\libg_nano.a(lib_a-mprec.o)
                0x00001cd8                __i2b
 .text.__multiply
                0x00001cea      0x120 c:/program files (x86)/cypress/psoc creator/4.2/psoc creator/import/gnu/arm/5.4.1/bin/../lib/gcc/arm-none-eabi/5.4.1/../../../../arm-none-eabi/lib/armv7-m\libg_nano.a(lib_a-mprec.o)
                0x00001cea                __multiply
 *fill*         0x00001e0a        0x2 
 .text.__pow5mult
                0x00001e0c       0x9c c:/program files (x86)/cypress/psoc creator/4.2/psoc creator/import/gnu/arm/5.4.1/bin/../lib/gcc/arm-none-eabi/5.4.1/../../../../arm-none-eabi/lib/armv7-m\libg_nano.a(lib_a-mprec.o)
                0x00001e0c                __pow5mult
 .text.__lshift
                0x00001ea8       0xa2 c:/program files (x86)/cypress/psoc creator/4.2/psoc creator/import/gnu/arm/5.4.1/bin/../lib/gcc/arm-none-eabi/5.4.1/../../../../arm-none-eabi/lib/armv7-m\libg_nano.a(lib_a-mprec.o)
                0x00001ea8                __lshift
 .text.__mcmp   0x00001f4a       0x38 c:/program files (x86)/cypress/psoc creator/4.2/psoc creator/import/gnu/arm/5.4.1/bin/../lib/gcc/arm-none-eabi/5.4.1/../../../../arm-none-eabi/lib/armv7-m\libg_nano.a(lib_a-mprec.o)
                0x00001f4a                __mcmp
 .text.__mdiff  0x00001f82       0xbe c:/program files (x86)/cypress/psoc creator/4.2/psoc creator/import/gnu/arm/5.4.1/bin/../lib/gcc/arm-none-eabi/5.4.1/../../../../arm-none-eabi/lib/armv7-m\libg_nano.a(lib_a-mprec.o)
                0x00001f82                __mdiff
 .text.__d2b    0x00002040       0x9c c:/program files (x86)/cypress/psoc creator/4.2/psoc creator/import/gnu/arm/5.4.1/bin/../lib/gcc/arm-none-eabi/5.4.1/../../../../arm-none-eabi/lib/armv7-m\libg_nano.a(lib_a-mprec.o)
                0x00002040                __d2b
 .text._calloc_r
                0x000020dc       0x1c c:/program files (x86)/cypress/psoc creator/4.2/psoc creator/import/gnu/arm/5.4.1/bin/../lib/gcc/arm-none-eabi/5.4.1/../../../../arm-none-eabi/lib/armv7-m\libg_nano.a(lib_a-nano-callocr.o)
                0x000020dc                _calloc_r
 .text._malloc_r
                0x000020f8       0xbc c:/program files (x86)/cypress/psoc creator/4.2/psoc creator/import/gnu/arm/5.4.1/bin/../lib/gcc/arm-none-eabi/5.4.1/../../../../arm-none-eabi/lib/armv7-m\libg_nano.a(lib_a-nano-mallocr.o)
                0x000020f8                _malloc_r
 .text._sbrk_r  0x000021b4       0x20 c:/program files (x86)/cypress/psoc creator/4.2/psoc creator/import/gnu/arm/5.4.1/bin/../lib/gcc/arm-none-eabi/5.4.1/../../../../arm-none-eabi/lib/armv7-m\libg_nano.a(lib_a-sbrkr.o)
                0x000021b4                _sbrk_r
 .text.__malloc_lock
                0x000021d4        0x2 c:/program files (x86)/cypress/psoc creator/4.2/psoc creator/import/gnu/arm/5.4.1/bin/../lib/gcc/arm-none-eabi/5.4.1/../../../../arm-none-eabi/lib/armv7-m\libg_nano.a(lib_a-mlock.o)
                0x000021d4                __malloc_lock
 .text.__malloc_unlock
                0x000021d6        0x2 c:/program files (x86)/cypress/psoc creator/4.2/psoc creator/import/gnu/arm/5.4.1/bin/../lib/gcc/arm-none-eabi/5.4.1/../../../../arm-none-eabi/lib/armv7-m\libg_nano.a(lib_a-mlock.o)
                0x000021d6                __malloc_unlock
 .text          0x000021d8      0x370 c:/program files (x86)/cypress/psoc creator/4.2/psoc creator/import/gnu/arm/5.4.1/bin/../lib/gcc/arm-none-eabi/5.4.1/armv7-m\libgcc.a(_arm_addsubdf3.o)
                0x000021d8                __aeabi_drsub
                0x000021e0                __aeabi_dsub
                0x000021e0                __subdf3
                0x000021e4                __aeabi_dadd
                0x000021e4                __adddf3
                0x0000245c                __floatunsidf
                0x0000245c                __aeabi_ui2d
                0x0000247c                __floatsidf
                0x0000247c                __aeabi_i2d
                0x000024a0                __aeabi_f2d
                0x000024a0                __extendsfdf2
                0x000024dc                __floatundidf
                0x000024dc                __aeabi_ul2d
                0x000024ec                __floatdidf
                0x000024ec                __aeabi_l2d
 .text          0x00002548      0x424 c:/program files (x86)/cypress/psoc creator/4.2/psoc creator/import/gnu/arm/5.4.1/bin/../lib/gcc/arm-none-eabi/5.4.1/armv7-m\libgcc.a(_arm_muldivdf3.o)
                0x00002548                __aeabi_dmul
                0x00002548                __muldf3
                0x0000279c                __divdf3
                0x0000279c                __aeabi_ddiv
 .text          0x0000296c      0x110 c:/program files (x86)/cypress/psoc creator/4.2/psoc creator/import/gnu/arm/5.4.1/bin/../lib/gcc/arm-none-eabi/5.4.1/armv7-m\libgcc.a(_arm_cmpdf2.o)
                0x0000296c                __gtdf2
                0x0000296c                __gedf2
                0x00002974                __ltdf2
                0x00002974                __ledf2
                0x0000297c                __nedf2
                0x0000297c                __eqdf2
                0x0000297c                __cmpdf2
                0x000029f8                __aeabi_cdrcmple
                0x00002a08                __aeabi_cdcmpeq
                0x00002a08                __aeabi_cdcmple
                0x00002a18                __aeabi_dcmpeq
                0x00002a2c                __aeabi_dcmplt
                0x00002a40                __aeabi_dcmple
                0x00002a54                __aeabi_dcmpge
                0x00002a68                __aeabi_dcmpgt
 .text          0x00002a7c       0x2c c:/program files (x86)/cypress/psoc creator/4.2/psoc creator/import/gnu/arm/5.4.1/bin/../lib/gcc/arm-none-eabi/5.4.1/armv7-m\libgcc.a(_arm_unorddf2.o)
                0x00002a7c                __unorddf2
                0x00002a7c                __aeabi_dcmpun
 .text          0x00002aa8       0x50 c:/program files (x86)/cypress/psoc creator/4.2/psoc creator/import/gnu/arm/5.4.1/bin/../lib/gcc/arm-none-eabi/5.4.1/armv7-m\libgcc.a(_arm_fixdfsi.o)
                0x00002aa8                __aeabi_d2iz
                0x00002aa8                __fixdfsi
 *(.plt)
 *(.gnu.warning)
 *(.glue_7t)
 .glue_7t       0x00002af8        0x0 linker stubs
 *(.glue_7)
 .glue_7        0x00002af8        0x0 linker stubs
 *(.vfp11_veneer)
 .vfp11_veneer  0x00002af8        0x0 linker stubs
 *(.bootloader)
 *(.ARM.extab* .gnu.linkonce.armextab.*)
 *(.gcc_except_table)

.v4_bx          0x00002af8        0x0
 .v4_bx         0x00002af8        0x0 linker stubs

.iplt           0x00002af8        0x0
 .iplt          0x00002af8        0x0 c:/program files (x86)/cypress/psoc creator/4.2/psoc creator/import/gnu/arm/5.4.1/bin/../lib/gcc/arm-none-eabi/5.4.1/armv7-m/crtbegin.o

.eh_frame_hdr
 *(.eh_frame_hdr)

.eh_frame       0x00002af8        0x4
 *(.eh_frame)
 .eh_frame      0x00002af8        0x0 c:/program files (x86)/cypress/psoc creator/4.2/psoc creator/import/gnu/arm/5.4.1/bin/../lib/gcc/arm-none-eabi/5.4.1/armv7-m/crtbegin.o
 .eh_frame      0x00002af8        0x4 c:/program files (x86)/cypress/psoc creator/4.2/psoc creator/import/gnu/arm/5.4.1/bin/../lib/gcc/arm-none-eabi/5.4.1/armv7-m/crtend.o
                [!provide]                PROVIDE (__exidx_start, .)

.ARM.exidx
 *(.ARM.exidx* .gnu.linkonce.armexidx.*)
                0x00002afc                __exidx_end = .

.rodata         0x00002b00      0x2c0
 *(.rodata .rodata.* .gnu.linkonce.r.*)
 .rodata.str1.4
                0x00002b00      0x11c .\CortexM3\ARM_GCC_541\Debug\main.o
                                0x11b (size before relaxing)
 .rodata        0x00002c1c       0x42 .\CortexM3\ARM_GCC_541\Debug\cyfitter_cfg.o
 .rodata.str1.1
                0x00002c5e        0x2 c:/program files (x86)/cypress/psoc creator/4.2/psoc creator/import/gnu/arm/5.4.1/bin/../lib/gcc/arm-none-eabi/5.4.1/../../../../arm-none-eabi/lib/armv7-m\libg_nano.a(lib_a-impure.o)
 .rodata.str1.1
                0x00002c60       0x12 c:/program files (x86)/cypress/psoc creator/4.2/psoc creator/import/gnu/arm/5.4.1/bin/../lib/gcc/arm-none-eabi/5.4.1/../../../../arm-none-eabi/lib/armv7-m\libg_nano.a(lib_a-nano-vfprintf_float.o)
 .rodata.str1.1
                0x00002c72        0xd c:/program files (x86)/cypress/psoc creator/4.2/psoc creator/import/gnu/arm/5.4.1/bin/../lib/gcc/arm-none-eabi/5.4.1/../../../../arm-none-eabi/lib/armv7-m\libg_nano.a(lib_a-dtoa.o)
                                  0xf (size before relaxing)
 .rodata.str1.1
                0x00002c7f        0x8 c:/program files (x86)/cypress/psoc creator/4.2/psoc creator/import/gnu/arm/5.4.1/bin/../lib/gcc/arm-none-eabi/5.4.1/../../../../arm-none-eabi/lib/armv7-m\libg_nano.a(lib_a-locale.o)
                                  0xb (size before relaxing)
 *fill*         0x00002c87        0x1 
 .rodata.__mprec_tens
                0x00002c88       0xc8 c:/program files (x86)/cypress/psoc creator/4.2/psoc creator/import/gnu/arm/5.4.1/bin/../lib/gcc/arm-none-eabi/5.4.1/../../../../arm-none-eabi/lib/armv7-m\libg_nano.a(lib_a-mprec.o)
                0x00002c88                __mprec_tens
 .rodata.p05.5408
                0x00002d50        0xc c:/program files (x86)/cypress/psoc creator/4.2/psoc creator/import/gnu/arm/5.4.1/bin/../lib/gcc/arm-none-eabi/5.4.1/../../../../arm-none-eabi/lib/armv7-m\libg_nano.a(lib_a-mprec.o)
 *fill*         0x00002d5c        0x4 
 .rodata.__mprec_bigtens
                0x00002d60       0x28 c:/program files (x86)/cypress/psoc creator/4.2/psoc creator/import/gnu/arm/5.4.1/bin/../lib/gcc/arm-none-eabi/5.4.1/../../../../arm-none-eabi/lib/armv7-m\libg_nano.a(lib_a-mprec.o)
                0x00002d60                __mprec_bigtens
                0x00002d88                . = ALIGN (0x4)
 *(.init)
 .init          0x00002d88        0x4 c:/program files (x86)/cypress/psoc creator/4.2/psoc creator/import/gnu/arm/5.4.1/bin/../lib/gcc/arm-none-eabi/5.4.1/armv7-m/crti.o
                0x00002d88                _init
 .init          0x00002d8c        0x8 c:/program files (x86)/cypress/psoc creator/4.2/psoc creator/import/gnu/arm/5.4.1/bin/../lib/gcc/arm-none-eabi/5.4.1/armv7-m/crtn.o
                0x00002d94                . = ALIGN (0x4)
                0x00002d94                __preinit_array_start = .
 *(.preinit_array)
                0x00002d94                __preinit_array_end = .
                0x00002d94                . = ALIGN (0x4)
                0x00002d94                __init_array_start = .
 *(SORT(.init_array.*))
 *(.init_array)
 .init_array    0x00002d94        0x4 c:/program files (x86)/cypress/psoc creator/4.2/psoc creator/import/gnu/arm/5.4.1/bin/../lib/gcc/arm-none-eabi/5.4.1/armv7-m/crtbegin.o
 .init_array    0x00002d98        0x4 .\CortexM3\ARM_GCC_541\Debug\Cm3Start.o
                0x00002d9c                __init_array_end = .
                0x00002d9c                . = ALIGN (0x4)
 *(.fini)
 .fini          0x00002d9c        0x4 c:/program files (x86)/cypress/psoc creator/4.2/psoc creator/import/gnu/arm/5.4.1/bin/../lib/gcc/arm-none-eabi/5.4.1/armv7-m/crti.o
                0x00002d9c                _fini
 .fini          0x00002da0        0x8 c:/program files (x86)/cypress/psoc creator/4.2/psoc creator/import/gnu/arm/5.4.1/bin/../lib/gcc/arm-none-eabi/5.4.1/armv7-m/crtn.o
                0x00002da8                . = ALIGN (0x4)
                0x00002da8                __fini_array_start = .
 *(.fini_array)
 .fini_array    0x00002da8        0x4 c:/program files (x86)/cypress/psoc creator/4.2/psoc creator/import/gnu/arm/5.4.1/bin/../lib/gcc/arm-none-eabi/5.4.1/armv7-m/crtbegin.o
 *(SORT(.fini_array.*))
                0x00002dac                __fini_array_end = .
                0x00002dac                . = ALIGN (0x4)
 *crtbegin.o(.ctors)
 *(EXCLUDE_FILE(*crtend.o) .ctors)
 *(SORT(.ctors.*))
 *crtend.o(.ctors)
                0x00002dac                . = ALIGN (0x4)
 *crtbegin.o(.dtors)
 *(EXCLUDE_FILE(*crtend.o) .dtors)
 *(SORT(.dtors.*))
 *crtend.o(.dtors)
                0x00002dac                . = ALIGN (0x4)
                0x00002dac                __cy_regions = .
                0x00002dac        0x4 LONG 0x2dc0 __cy_region_init_ram
                0x00002db0        0x4 LONG 0x1fff80c8 __cy_region_start_data
                0x00002db4        0x4 LONG 0xa8 __cy_region_init_size_ram
                0x00002db8        0x4 LONG 0x30 __cy_region_zero_size_ram
                0x00002dbc                __cy_regions_end = .
                0x00002dc0                . = ALIGN (0x8)
 *fill*         0x00002dbc        0x4 
                0x00002dc0                _etext = .

.cy_checksum_exclude
                0x00002dc0        0x0
 *(.cy_checksum_exclude)

.ramvectors     0x1fff8000       0xc0
                0x1fff8000                __cy_region_start_ram = .
 *(.ramvectors)
 .ramvectors    0x1fff8000       0xc0 .\CortexM3\ARM_GCC_541\Debug\Cm3Start.o
                0x1fff8000                CyRamVectors

.noinit         0x1fff80c0        0x1
 *(.noinit)
 .noinit        0x1fff80c0        0x1 .\CortexM3\ARM_GCC_541\Debug\DC-Motor-PWM.a(CyLib.o)
                0x1fff80c0                CyResetStatus

.data           0x1fff80c8       0xa8 load address 0x00002dc0
                0x1fff80c8                __cy_region_start_data = .
 *(.jcr)
 .jcr           0x1fff80c8        0x0 c:/program files (x86)/cypress/psoc creator/4.2/psoc creator/import/gnu/arm/5.4.1/bin/../lib/gcc/arm-none-eabi/5.4.1/armv7-m/crtbegin.o
 .jcr           0x1fff80c8        0x4 c:/program files (x86)/cypress/psoc creator/4.2/psoc creator/import/gnu/arm/5.4.1/bin/../lib/gcc/arm-none-eabi/5.4.1/armv7-m/crtend.o
 *(.got.plt)
 *(.got)
 *(.shdata)
 *(.data .data.* .gnu.linkonce.d.*)
 .data          0x1fff80cc        0x4 .\CortexM3\ARM_GCC_541\Debug\Cm3Start.o
 .data.impure_data
                0x1fff80d0       0x60 c:/program files (x86)/cypress/psoc creator/4.2/psoc creator/import/gnu/arm/5.4.1/bin/../lib/gcc/arm-none-eabi/5.4.1/../../../../arm-none-eabi/lib/armv7-m\libg_nano.a(lib_a-impure.o)
 .data._impure_ptr
                0x1fff8130        0x4 c:/program files (x86)/cypress/psoc creator/4.2/psoc creator/import/gnu/arm/5.4.1/bin/../lib/gcc/arm-none-eabi/5.4.1/../../../../arm-none-eabi/lib/armv7-m\libg_nano.a(lib_a-impure.o)
                0x1fff8130                _impure_ptr
 .data.lconv    0x1fff8134       0x38 c:/program files (x86)/cypress/psoc creator/4.2/psoc creator/import/gnu/arm/5.4.1/bin/../lib/gcc/arm-none-eabi/5.4.1/../../../../arm-none-eabi/lib/armv7-m\libg_nano.a(lib_a-locale.o)
                0x1fff8170                . = ALIGN (0x8)
 *fill*         0x1fff816c        0x4 
 *(.ram)
                0x1fff8170                _edata = .

.igot.plt       0x1fff8170        0x0 load address 0x00002e68
 .igot.plt      0x1fff8170        0x0 c:/program files (x86)/cypress/psoc creator/4.2/psoc creator/import/gnu/arm/5.4.1/bin/../lib/gcc/arm-none-eabi/5.4.1/armv7-m/crtbegin.o

.bss            0x1fff8170       0x30 load address 0x00002e68
                0x1fff8170                PROVIDE (__bss_start__, .)
 *(.shbss)
 *(.bss .bss.* .gnu.linkonce.b.*)
 .bss           0x1fff8170       0x1c c:/program files (x86)/cypress/psoc creator/4.2/psoc creator/import/gnu/arm/5.4.1/bin/../lib/gcc/arm-none-eabi/5.4.1/armv7-m/crtbegin.o
 .bss           0x1fff818c        0x2 .\CortexM3\ARM_GCC_541\Debug\DC-Motor-PWM.a(UART_1.o)
                0x1fff818c                UART_1_initVar
 .bss           0x1fff818e        0x1 .\CortexM3\ARM_GCC_541\Debug\DC-Motor-PWM.a(PWM_1.o)
                0x1fff818e                PWM_1_initVar
 *fill*         0x1fff818f        0x1 
 .bss.__malloc_sbrk_start
                0x1fff8190        0x4 c:/program files (x86)/cypress/psoc creator/4.2/psoc creator/import/gnu/arm/5.4.1/bin/../lib/gcc/arm-none-eabi/5.4.1/../../../../arm-none-eabi/lib/armv7-m\libg_nano.a(lib_a-nano-mallocr.o)
                0x1fff8190                __malloc_sbrk_start
 .bss.__malloc_free_list
                0x1fff8194        0x4 c:/program files (x86)/cypress/psoc creator/4.2/psoc creator/import/gnu/arm/5.4.1/bin/../lib/gcc/arm-none-eabi/5.4.1/../../../../arm-none-eabi/lib/armv7-m\libg_nano.a(lib_a-nano-mallocr.o)
                0x1fff8194                __malloc_free_list
 *(COMMON)
 COMMON         0x1fff8198        0x4 c:/program files (x86)/cypress/psoc creator/4.2/psoc creator/import/gnu/arm/5.4.1/bin/../lib/gcc/arm-none-eabi/5.4.1/../../../../arm-none-eabi/lib/armv7-m\libg_nano.a(lib_a-reent.o)
                0x1fff8198                errno
                0x1fff81a0                . = ALIGN (0x8)
 *fill*         0x1fff819c        0x4 
 *(.ram.b)
                0x1fff81a0                _end = .
                0x1fff81a0                __end = .
                0x1fff81a0                PROVIDE (end, .)
                0x1fff81a0                PROVIDE (__bss_end__, .)
                0x00002dc0                __cy_region_init_ram = LOADADDR (.data)
                0x000000a8                __cy_region_init_size_ram = (_edata - ADDR (.data))
                0x00000030                __cy_region_zero_size_ram = (_end - _edata)

.heap           0x1fff81a0      0x200 load address 0x00002e68
                0x1fff81a0                . = _end
                0x1fff83a0                . = (. + 0x200)
 *fill*         0x1fff81a0      0x200 
                0x1fff83a0                __cy_heap_limit = .

.stack          0x20007800      0x800
                0x20007800                __cy_stack_limit = .
                0x20008000                . = (. + 0x800)
 *fill*         0x20007800      0x800 
                0x00000001                ASSERT ((__cy_stack_limit >= __cy_heap_limit), region RAM overflowed with stack)
                0x00000000                cy_checksum_exclude_size = (CY_APPL_LOADABLE == 0x1)?SIZEOF (.cy_checksum_exclude):0x0
                0x00000001                ASSERT ((cy_checksum_exclude_size <= CY_CHECKSUM_EXCLUDE_SIZE), CY_BOOT: Section .cy_checksum_exclude size exceedes specified limit.)

.cyloadermeta
 *(.cyloadermeta)

.cyloadablemeta
 *(.cyloadablemeta)

.cyconfigecc    0x80000000      0x42c
 *(.cyconfigecc)
 .cyconfigecc   0x80000000      0x42c .\CortexM3\ARM_GCC_541\Debug\cymetadata.o
                0x80000000                cy_meta_configecc

.cycustnvl      0x90000000        0x4
 *(.cycustnvl)
 .cycustnvl     0x90000000        0x4 .\CortexM3\ARM_GCC_541\Debug\cymetadata.o
                0x90000000                cy_meta_custnvl

.cywolatch      0x90100000        0x4
 *(.cywolatch)
 .cywolatch     0x90100000        0x4 .\CortexM3\ARM_GCC_541\Debug\cymetadata.o
                0x90100000                cy_meta_wonvl

.cyeeprom       0x90200000        0x0
 *(.cyeeprom)
                0x00000001                ASSERT ((. <= ((0x90200000 + ee_offset) + ee_size)), .cyeeprom data will not fit in EEPROM)

.cyflashprotect
                0x90400000      0x100
 *(.cyflashprotect)
 .cyflashprotect
                0x90400000      0x100 .\CortexM3\ARM_GCC_541\Debug\cymetadata.o
                0x90400000                cy_meta_flashprotect

.cymeta         0x90500000        0xc
 *(.cymeta)
 .cymeta        0x90500000        0xc .\CortexM3\ARM_GCC_541\Debug\cymetadata.o
                0x90500000                cy_metadata

.rel.dyn        0x00002e68        0x0 load address 0x9050000c
 .rel.iplt      0x00002e68        0x0 c:/program files (x86)/cypress/psoc creator/4.2/psoc creator/import/gnu/arm/5.4.1/bin/../lib/gcc/arm-none-eabi/5.4.1/armv7-m/crtbegin.o

.stab
 *(.stab)

.stabstr
 *(.stabstr)

.debug
 *(.debug)

.line
 *(.line)

.debug_srcinfo
 *(.debug_srcinfo)

.debug_sfnames
 *(.debug_sfnames)

.debug_aranges  0x00000000      0x7d8
 *(.debug_aranges)
 .debug_aranges
                0x00000000       0x58 .\CortexM3\ARM_GCC_541\Debug\main.o
 .debug_aranges
                0x00000058       0x58 .\CortexM3\ARM_GCC_541\Debug\cyfitter_cfg.o
 .debug_aranges
                0x000000b0       0x18 .\CortexM3\ARM_GCC_541\Debug\cymetadata.o
 .debug_aranges
                0x000000c8       0x48 .\CortexM3\ARM_GCC_541\Debug\Cm3Start.o
 .debug_aranges
                0x00000110       0xf0 .\CortexM3\ARM_GCC_541\Debug\DC-Motor-PWM.a(UART_1.o)
 .debug_aranges
                0x00000200       0x80 .\CortexM3\ARM_GCC_541\Debug\DC-Motor-PWM.a(isr_uart_rx.o)
 .debug_aranges
                0x00000280       0x98 .\CortexM3\ARM_GCC_541\Debug\DC-Motor-PWM.a(PWM_1.o)
 .debug_aranges
                0x00000318       0x70 .\CortexM3\ARM_GCC_541\Debug\DC-Motor-PWM.a(UART_1_IntClock.o)
 .debug_aranges
                0x00000388      0x2a0 .\CortexM3\ARM_GCC_541\Debug\DC-Motor-PWM.a(CyLib.o)
 .debug_aranges
                0x00000628       0x98 .\CortexM3\ARM_GCC_541\Debug\DC-Motor-PWM.a(cyPm.o)
 .debug_aranges
                0x000006c0       0x20 .\CortexM3\ARM_GCC_541\Debug\DC-Motor-PWM.a(CyBootAsmGnu.o)
 .debug_aranges
                0x000006e0       0x80 .\CortexM3\ARM_GCC_541\Debug\DC-Motor-PWM.a(CyFlash.o)
 .debug_aranges
                0x00000760       0x78 .\CortexM3\ARM_GCC_541\Debug\DC-Motor-PWM.a(CySpc.o)

.debug_pubnames
 *(.debug_pubnames)

.debug_info     0x00000000     0x4697
 *(.debug_info .gnu.linkonce.wi.*)
 .debug_info    0x00000000      0x481 .\CortexM3\ARM_GCC_541\Debug\main.o
 .debug_info    0x00000481      0x595 .\CortexM3\ARM_GCC_541\Debug\cyfitter_cfg.o
 .debug_info    0x00000a16      0x135 .\CortexM3\ARM_GCC_541\Debug\cymetadata.o
 .debug_info    0x00000b4b      0x3b5 .\CortexM3\ARM_GCC_541\Debug\Cm3Start.o
 .debug_info    0x00000f00      0x60c .\CortexM3\ARM_GCC_541\Debug\DC-Motor-PWM.a(UART_1.o)
 .debug_info    0x0000150c      0x2d2 .\CortexM3\ARM_GCC_541\Debug\DC-Motor-PWM.a(isr_uart_rx.o)
 .debug_info    0x000017de      0x334 .\CortexM3\ARM_GCC_541\Debug\DC-Motor-PWM.a(PWM_1.o)
 .debug_info    0x00001b12      0x283 .\CortexM3\ARM_GCC_541\Debug\DC-Motor-PWM.a(UART_1_IntClock.o)
 .debug_info    0x00001d95     0x1374 .\CortexM3\ARM_GCC_541\Debug\DC-Motor-PWM.a(CyLib.o)
 .debug_info    0x00003109      0xa1d .\CortexM3\ARM_GCC_541\Debug\DC-Motor-PWM.a(cyPm.o)
 .debug_info    0x00003b26       0xd0 .\CortexM3\ARM_GCC_541\Debug\DC-Motor-PWM.a(CyBootAsmGnu.o)
 .debug_info    0x00003bf6      0x5b8 .\CortexM3\ARM_GCC_541\Debug\DC-Motor-PWM.a(CyFlash.o)
 .debug_info    0x000041ae      0x4e9 .\CortexM3\ARM_GCC_541\Debug\DC-Motor-PWM.a(CySpc.o)

.debug_abbrev   0x00000000     0x11ec
 *(.debug_abbrev)
 .debug_abbrev  0x00000000       0xfe .\CortexM3\ARM_GCC_541\Debug\main.o
 .debug_abbrev  0x000000fe      0x20d .\CortexM3\ARM_GCC_541\Debug\cyfitter_cfg.o
 .debug_abbrev  0x0000030b       0x66 .\CortexM3\ARM_GCC_541\Debug\cymetadata.o
 .debug_abbrev  0x00000371      0x1e8 .\CortexM3\ARM_GCC_541\Debug\Cm3Start.o
 .debug_abbrev  0x00000559      0x175 .\CortexM3\ARM_GCC_541\Debug\DC-Motor-PWM.a(UART_1.o)
 .debug_abbrev  0x000006ce      0x173 .\CortexM3\ARM_GCC_541\Debug\DC-Motor-PWM.a(isr_uart_rx.o)
 .debug_abbrev  0x00000841      0x133 .\CortexM3\ARM_GCC_541\Debug\DC-Motor-PWM.a(PWM_1.o)
 .debug_abbrev  0x00000974      0x139 .\CortexM3\ARM_GCC_541\Debug\DC-Motor-PWM.a(UART_1_IntClock.o)
 .debug_abbrev  0x00000aad      0x254 .\CortexM3\ARM_GCC_541\Debug\DC-Motor-PWM.a(CyLib.o)
 .debug_abbrev  0x00000d01      0x1ab .\CortexM3\ARM_GCC_541\Debug\DC-Motor-PWM.a(cyPm.o)
 .debug_abbrev  0x00000eac       0x14 .\CortexM3\ARM_GCC_541\Debug\DC-Motor-PWM.a(CyBootAsmGnu.o)
 .debug_abbrev  0x00000ec0      0x198 .\CortexM3\ARM_GCC_541\Debug\DC-Motor-PWM.a(CyFlash.o)
 .debug_abbrev  0x00001058      0x194 .\CortexM3\ARM_GCC_541\Debug\DC-Motor-PWM.a(CySpc.o)

.debug_line     0x00000000     0x1e9a
 *(.debug_line)
 .debug_line    0x00000000      0x230 .\CortexM3\ARM_GCC_541\Debug\main.o
 .debug_line    0x00000230      0x1f5 .\CortexM3\ARM_GCC_541\Debug\cyfitter_cfg.o
 .debug_line    0x00000425      0x141 .\CortexM3\ARM_GCC_541\Debug\cymetadata.o
 .debug_line    0x00000566      0x234 .\CortexM3\ARM_GCC_541\Debug\Cm3Start.o
 .debug_line    0x0000079a      0x2c0 .\CortexM3\ARM_GCC_541\Debug\DC-Motor-PWM.a(UART_1.o)
 .debug_line    0x00000a5a      0x138 .\CortexM3\ARM_GCC_541\Debug\DC-Motor-PWM.a(isr_uart_rx.o)
 .debug_line    0x00000b92      0x185 .\CortexM3\ARM_GCC_541\Debug\DC-Motor-PWM.a(PWM_1.o)
 .debug_line    0x00000d17      0x17e .\CortexM3\ARM_GCC_541\Debug\DC-Motor-PWM.a(UART_1_IntClock.o)
 .debug_line    0x00000e95      0x816 .\CortexM3\ARM_GCC_541\Debug\DC-Motor-PWM.a(CyLib.o)
 .debug_line    0x000016ab      0x364 .\CortexM3\ARM_GCC_541\Debug\DC-Motor-PWM.a(cyPm.o)
 .debug_line    0x00001a0f       0x66 .\CortexM3\ARM_GCC_541\Debug\DC-Motor-PWM.a(CyBootAsmGnu.o)
 .debug_line    0x00001a75      0x1e9 .\CortexM3\ARM_GCC_541\Debug\DC-Motor-PWM.a(CyFlash.o)
 .debug_line    0x00001c5e      0x23c .\CortexM3\ARM_GCC_541\Debug\DC-Motor-PWM.a(CySpc.o)

.debug_frame    0x00000000     0x1a9c
 *(.debug_frame)
 .debug_frame   0x00000000       0xf4 .\CortexM3\ARM_GCC_541\Debug\main.o
 .debug_frame   0x000000f4       0xe4 .\CortexM3\ARM_GCC_541\Debug\cyfitter_cfg.o
 .debug_frame   0x000001d8       0xb8 .\CortexM3\ARM_GCC_541\Debug\Cm3Start.o
 .debug_frame   0x00000290      0x250 .\CortexM3\ARM_GCC_541\Debug\DC-Motor-PWM.a(UART_1.o)
 .debug_frame   0x000004e0      0x104 .\CortexM3\ARM_GCC_541\Debug\DC-Motor-PWM.a(isr_uart_rx.o)
 .debug_frame   0x000005e4      0x134 .\CortexM3\ARM_GCC_541\Debug\DC-Motor-PWM.a(PWM_1.o)
 .debug_frame   0x00000718       0xe0 .\CortexM3\ARM_GCC_541\Debug\DC-Motor-PWM.a(UART_1_IntClock.o)
 .debug_frame   0x000007f8      0x738 .\CortexM3\ARM_GCC_541\Debug\DC-Motor-PWM.a(CyLib.o)
 .debug_frame   0x00000f30      0x1f8 .\CortexM3\ARM_GCC_541\Debug\DC-Motor-PWM.a(cyPm.o)
 .debug_frame   0x00001128      0x174 .\CortexM3\ARM_GCC_541\Debug\DC-Motor-PWM.a(CyFlash.o)
 .debug_frame   0x0000129c      0x160 .\CortexM3\ARM_GCC_541\Debug\DC-Motor-PWM.a(CySpc.o)
 .debug_frame   0x000013fc       0x20 c:/program files (x86)/cypress/psoc creator/4.2/psoc creator/import/gnu/arm/5.4.1/bin/../lib/gcc/arm-none-eabi/5.4.1/../../../../arm-none-eabi/lib/armv7-m\libg_nano.a(lib_a-errno.o)
 .debug_frame   0x0000141c       0x28 c:/program files (x86)/cypress/psoc creator/4.2/psoc creator/import/gnu/arm/5.4.1/bin/../lib/gcc/arm-none-eabi/5.4.1/../../../../arm-none-eabi/lib/armv7-m\libg_nano.a(lib_a-exit.o)
 .debug_frame   0x00001444       0x2c c:/program files (x86)/cypress/psoc creator/4.2/psoc creator/import/gnu/arm/5.4.1/bin/../lib/gcc/arm-none-eabi/5.4.1/../../../../arm-none-eabi/lib/armv7-m\libg_nano.a(lib_a-init.o)
 .debug_frame   0x00001470       0x28 c:/program files (x86)/cypress/psoc creator/4.2/psoc creator/import/gnu/arm/5.4.1/bin/../lib/gcc/arm-none-eabi/5.4.1/../../../../arm-none-eabi/lib/armv7-m\libg_nano.a(lib_a-memcpy-stub.o)
 .debug_frame   0x00001498       0x20 c:/program files (x86)/cypress/psoc creator/4.2/psoc creator/import/gnu/arm/5.4.1/bin/../lib/gcc/arm-none-eabi/5.4.1/../../../../arm-none-eabi/lib/armv7-m\libg_nano.a(lib_a-memset.o)
 .debug_frame   0x000014b8       0x8c c:/program files (x86)/cypress/psoc creator/4.2/psoc creator/import/gnu/arm/5.4.1/bin/../lib/gcc/arm-none-eabi/5.4.1/../../../../arm-none-eabi/lib/armv7-m\libg_nano.a(lib_a-nano-vfprintf_float.o)
 .debug_frame   0x00001544       0x60 c:/program files (x86)/cypress/psoc creator/4.2/psoc creator/import/gnu/arm/5.4.1/bin/../lib/gcc/arm-none-eabi/5.4.1/../../../../arm-none-eabi/lib/armv7-m\libg_nano.a(lib_a-nano-vfprintf_i.o)
 .debug_frame   0x000015a4       0x6c c:/program files (x86)/cypress/psoc creator/4.2/psoc creator/import/gnu/arm/5.4.1/bin/../lib/gcc/arm-none-eabi/5.4.1/../../../../arm-none-eabi/lib/armv7-m\libg_nano.a(lib_a-dtoa.o)
 .debug_frame   0x00001610       0x98 c:/program files (x86)/cypress/psoc creator/4.2/psoc creator/import/gnu/arm/5.4.1/bin/../lib/gcc/arm-none-eabi/5.4.1/../../../../arm-none-eabi/lib/armv7-m\libg_nano.a(lib_a-locale.o)
 .debug_frame   0x000016a8       0x30 c:/program files (x86)/cypress/psoc creator/4.2/psoc creator/import/gnu/arm/5.4.1/bin/../lib/gcc/arm-none-eabi/5.4.1/../../../../arm-none-eabi/lib/armv7-m\libg_nano.a(lib_a-malloc.o)
 .debug_frame   0x000016d8       0x28 c:/program files (x86)/cypress/psoc creator/4.2/psoc creator/import/gnu/arm/5.4.1/bin/../lib/gcc/arm-none-eabi/5.4.1/../../../../arm-none-eabi/lib/armv7-m\libg_nano.a(lib_a-memchr-stub.o)
 .debug_frame   0x00001700      0x234 c:/program files (x86)/cypress/psoc creator/4.2/psoc creator/import/gnu/arm/5.4.1/bin/../lib/gcc/arm-none-eabi/5.4.1/../../../../arm-none-eabi/lib/armv7-m\libg_nano.a(lib_a-mprec.o)
 .debug_frame   0x00001934       0x2c c:/program files (x86)/cypress/psoc creator/4.2/psoc creator/import/gnu/arm/5.4.1/bin/../lib/gcc/arm-none-eabi/5.4.1/../../../../arm-none-eabi/lib/armv7-m\libg_nano.a(lib_a-nano-callocr.o)
 .debug_frame   0x00001960       0x38 c:/program files (x86)/cypress/psoc creator/4.2/psoc creator/import/gnu/arm/5.4.1/bin/../lib/gcc/arm-none-eabi/5.4.1/../../../../arm-none-eabi/lib/armv7-m\libg_nano.a(lib_a-nano-freer.o)
 .debug_frame   0x00001998       0x2c c:/program files (x86)/cypress/psoc creator/4.2/psoc creator/import/gnu/arm/5.4.1/bin/../lib/gcc/arm-none-eabi/5.4.1/../../../../arm-none-eabi/lib/armv7-m\libg_nano.a(lib_a-nano-mallocr.o)
 .debug_frame   0x000019c4       0x2c c:/program files (x86)/cypress/psoc creator/4.2/psoc creator/import/gnu/arm/5.4.1/bin/../lib/gcc/arm-none-eabi/5.4.1/../../../../arm-none-eabi/lib/armv7-m\libg_nano.a(lib_a-sbrkr.o)
 .debug_frame   0x000019f0       0x20 c:/program files (x86)/cypress/psoc creator/4.2/psoc creator/import/gnu/arm/5.4.1/bin/../lib/gcc/arm-none-eabi/5.4.1/../../../../arm-none-eabi/lib/armv7-m\libg_nano.a(lib_a-strcmp.o)
 .debug_frame   0x00001a10       0x30 c:/program files (x86)/cypress/psoc creator/4.2/psoc creator/import/gnu/arm/5.4.1/bin/../lib/gcc/arm-none-eabi/5.4.1/../../../../arm-none-eabi/lib/armv7-m\libg_nano.a(lib_a-mlock.o)
 .debug_frame   0x00001a40       0x5c c:/program files (x86)/cypress/psoc creator/4.2/psoc creator/import/gnu/arm/5.4.1/bin/../lib/gcc/arm-none-eabi/5.4.1/../../../../arm-none-eabi/lib/armv7-m\libg_nano.a(lib_a-reent.o)

.debug_str      0x00000000     0x1ad2
 *(.debug_str)
 .debug_str     0x00000000      0x2db .\CortexM3\ARM_GCC_541\Debug\main.o
                                0x32b (size before relaxing)
 .debug_str     0x000002db      0x1b6 .\CortexM3\ARM_GCC_541\Debug\cyfitter_cfg.o
                                0x384 (size before relaxing)
 .debug_str     0x00000491       0x75 .\CortexM3\ARM_GCC_541\Debug\cymetadata.o
                                0x224 (size before relaxing)
 .debug_str     0x00000506      0x144 .\CortexM3\ARM_GCC_541\Debug\Cm3Start.o
                                0x34a (size before relaxing)
 .debug_str     0x0000064a      0x2b8 .\CortexM3\ARM_GCC_541\Debug\DC-Motor-PWM.a(UART_1.o)
                                0x4f3 (size before relaxing)
 .debug_str     0x00000902      0x13e .\CortexM3\ARM_GCC_541\Debug\DC-Motor-PWM.a(isr_uart_rx.o)
                                0x33a (size before relaxing)
 .debug_str     0x00000a40      0x15a .\CortexM3\ARM_GCC_541\Debug\DC-Motor-PWM.a(PWM_1.o)
                                0x391 (size before relaxing)
 .debug_str     0x00000b9a      0x19d .\CortexM3\ARM_GCC_541\Debug\DC-Motor-PWM.a(UART_1_IntClock.o)
                                0x38e (size before relaxing)
 .debug_str     0x00000d37      0x7fa .\CortexM3\ARM_GCC_541\Debug\DC-Motor-PWM.a(CyLib.o)
                                0xa87 (size before relaxing)
 .debug_str     0x00001531      0x359 .\CortexM3\ARM_GCC_541\Debug\DC-Motor-PWM.a(cyPm.o)
                                0x767 (size before relaxing)
 .debug_str     0x0000188a      0x19c .\CortexM3\ARM_GCC_541\Debug\DC-Motor-PWM.a(CyFlash.o)
                                0x3e1 (size before relaxing)
 .debug_str     0x00001a26       0xac .\CortexM3\ARM_GCC_541\Debug\DC-Motor-PWM.a(CySpc.o)
                                0x36a (size before relaxing)

.debug_loc      0x00000000     0x1dae
 *(.debug_loc)
 .debug_loc     0x00000000       0xdc .\CortexM3\ARM_GCC_541\Debug\main.o
 .debug_loc     0x000000dc      0x25a .\CortexM3\ARM_GCC_541\Debug\cyfitter_cfg.o
 .debug_loc     0x00000336      0x144 .\CortexM3\ARM_GCC_541\Debug\Cm3Start.o
 .debug_loc     0x0000047a      0x258 .\CortexM3\ARM_GCC_541\Debug\DC-Motor-PWM.a(UART_1.o)
 .debug_loc     0x000006d2       0x56 .\CortexM3\ARM_GCC_541\Debug\DC-Motor-PWM.a(isr_uart_rx.o)
 .debug_loc     0x00000728       0x26 .\CortexM3\ARM_GCC_541\Debug\DC-Motor-PWM.a(PWM_1.o)
 .debug_loc     0x0000074e      0x12c .\CortexM3\ARM_GCC_541\Debug\DC-Motor-PWM.a(UART_1_IntClock.o)
 .debug_loc     0x0000087a      0xa11 .\CortexM3\ARM_GCC_541\Debug\DC-Motor-PWM.a(CyLib.o)
 .debug_loc     0x0000128b      0x1e4 .\CortexM3\ARM_GCC_541\Debug\DC-Motor-PWM.a(cyPm.o)
 .debug_loc     0x0000146f      0x2f2 .\CortexM3\ARM_GCC_541\Debug\DC-Motor-PWM.a(CyFlash.o)
 .debug_loc     0x00001761      0x64d .\CortexM3\ARM_GCC_541\Debug\DC-Motor-PWM.a(CySpc.o)

.debug_macinfo
 *(.debug_macinfo)

.debug_ranges   0x00000000      0x6f0
 *(.debug_ranges)
 .debug_ranges  0x00000000       0x48 .\CortexM3\ARM_GCC_541\Debug\main.o
 .debug_ranges  0x00000048       0x48 .\CortexM3\ARM_GCC_541\Debug\cyfitter_cfg.o
 .debug_ranges  0x00000090       0x38 .\CortexM3\ARM_GCC_541\Debug\Cm3Start.o
 .debug_ranges  0x000000c8       0xe0 .\CortexM3\ARM_GCC_541\Debug\DC-Motor-PWM.a(UART_1.o)
 .debug_ranges  0x000001a8       0x70 .\CortexM3\ARM_GCC_541\Debug\DC-Motor-PWM.a(isr_uart_rx.o)
 .debug_ranges  0x00000218       0x88 .\CortexM3\ARM_GCC_541\Debug\DC-Motor-PWM.a(PWM_1.o)
 .debug_ranges  0x000002a0       0x60 .\CortexM3\ARM_GCC_541\Debug\DC-Motor-PWM.a(UART_1_IntClock.o)
 .debug_ranges  0x00000300      0x290 .\CortexM3\ARM_GCC_541\Debug\DC-Motor-PWM.a(CyLib.o)
 .debug_ranges  0x00000590       0x88 .\CortexM3\ARM_GCC_541\Debug\DC-Motor-PWM.a(cyPm.o)
 .debug_ranges  0x00000618       0x70 .\CortexM3\ARM_GCC_541\Debug\DC-Motor-PWM.a(CyFlash.o)
 .debug_ranges  0x00000688       0x68 .\CortexM3\ARM_GCC_541\Debug\DC-Motor-PWM.a(CySpc.o)

.comment        0x00000000       0x6e
 .comment       0x00000000       0x6e .\CortexM3\ARM_GCC_541\Debug\main.o
                                 0x6f (size before relaxing)
 .comment       0x0000006e       0x6f .\CortexM3\ARM_GCC_541\Debug\cyfitter_cfg.o
 .comment       0x0000006e       0x6f .\CortexM3\ARM_GCC_541\Debug\cymetadata.o
 .comment       0x0000006e       0x6f .\CortexM3\ARM_GCC_541\Debug\Cm3Start.o
 .comment       0x0000006e       0x6f .\CortexM3\ARM_GCC_541\Debug\DC-Motor-PWM.a(UART_1.o)
 .comment       0x0000006e       0x6f .\CortexM3\ARM_GCC_541\Debug\DC-Motor-PWM.a(isr_uart_rx.o)
 .comment       0x0000006e       0x6f .\CortexM3\ARM_GCC_541\Debug\DC-Motor-PWM.a(PWM_1.o)
 .comment       0x0000006e       0x6f .\CortexM3\ARM_GCC_541\Debug\DC-Motor-PWM.a(UART_1_IntClock.o)
 .comment       0x0000006e       0x6f .\CortexM3\ARM_GCC_541\Debug\DC-Motor-PWM.a(CyLib.o)
 .comment       0x0000006e       0x6f .\CortexM3\ARM_GCC_541\Debug\DC-Motor-PWM.a(cyPm.o)
 .comment       0x0000006e       0x6f .\CortexM3\ARM_GCC_541\Debug\DC-Motor-PWM.a(CyFlash.o)
 .comment       0x0000006e       0x6f .\CortexM3\ARM_GCC_541\Debug\DC-Motor-PWM.a(CySpc.o)

.debug_weaknames
 *(.debug_weaknames)

.debug_funcnames
 *(.debug_funcnames)

.debug_typenames
 *(.debug_typenames)

.debug_varnames
 *(.debug_varnames)

.note.gnu.arm.ident
 *(.note.gnu.arm.ident)

.ARM.attributes
                0x00000000       0x29
 *(.ARM.attributes)
 .ARM.attributes
                0x00000000       0x1d c:/program files (x86)/cypress/psoc creator/4.2/psoc creator/import/gnu/arm/5.4.1/bin/../lib/gcc/arm-none-eabi/5.4.1/armv7-m/crti.o
 .ARM.attributes
                0x0000001d       0x2d c:/program files (x86)/cypress/psoc creator/4.2/psoc creator/import/gnu/arm/5.4.1/bin/../lib/gcc/arm-none-eabi/5.4.1/armv7-m/crtbegin.o
 .ARM.attributes
                0x0000004a       0x1b c:/program files (x86)/cypress/psoc creator/4.2/psoc creator/import/gnu/arm/5.4.1/bin/../lib/gcc/arm-none-eabi/5.4.1/../../../../arm-none-eabi/lib/armv7-m/crt0.o
 .ARM.attributes
                0x00000065       0x33 .\CortexM3\ARM_GCC_541\Debug\main.o
 .ARM.attributes
                0x00000098       0x33 .\CortexM3\ARM_GCC_541\Debug\cyfitter_cfg.o
 .ARM.attributes
                0x000000cb       0x33 .\CortexM3\ARM_GCC_541\Debug\cymetadata.o
 .ARM.attributes
                0x000000fe       0x33 .\CortexM3\ARM_GCC_541\Debug\Cm3Start.o
 .ARM.attributes
                0x00000131       0x33 .\CortexM3\ARM_GCC_541\Debug\DC-Motor-PWM.a(UART_1.o)
 .ARM.attributes
                0x00000164       0x33 .\CortexM3\ARM_GCC_541\Debug\DC-Motor-PWM.a(isr_uart_rx.o)
 .ARM.attributes
                0x00000197       0x33 .\CortexM3\ARM_GCC_541\Debug\DC-Motor-PWM.a(PWM_1.o)
 .ARM.attributes
                0x000001ca       0x33 .\CortexM3\ARM_GCC_541\Debug\DC-Motor-PWM.a(UART_1_IntClock.o)
 .ARM.attributes
                0x000001fd       0x33 .\CortexM3\ARM_GCC_541\Debug\DC-Motor-PWM.a(CyLib.o)
 .ARM.attributes
                0x00000230       0x33 .\CortexM3\ARM_GCC_541\Debug\DC-Motor-PWM.a(cyPm.o)
 .ARM.attributes
                0x00000263       0x21 .\CortexM3\ARM_GCC_541\Debug\DC-Motor-PWM.a(CyBootAsmGnu.o)
 .ARM.attributes
                0x00000284       0x33 .\CortexM3\ARM_GCC_541\Debug\DC-Motor-PWM.a(CyFlash.o)
 .ARM.attributes
                0x000002b7       0x33 .\CortexM3\ARM_GCC_541\Debug\DC-Motor-PWM.a(CySpc.o)
 .ARM.attributes
                0x000002ea       0x2d c:/program files (x86)/cypress/psoc creator/4.2/psoc creator/import/gnu/arm/5.4.1/bin/../lib/gcc/arm-none-eabi/5.4.1/../../../../arm-none-eabi/lib/armv7-m\libg_nano.a(lib_a-errno.o)
 .ARM.attributes
                0x00000317       0x2d c:/program files (x86)/cypress/psoc creator/4.2/psoc creator/import/gnu/arm/5.4.1/bin/../lib/gcc/arm-none-eabi/5.4.1/../../../../arm-none-eabi/lib/armv7-m\libg_nano.a(lib_a-exit.o)
 .ARM.attributes
                0x00000344       0x2d c:/program files (x86)/cypress/psoc creator/4.2/psoc creator/import/gnu/arm/5.4.1/bin/../lib/gcc/arm-none-eabi/5.4.1/../../../../arm-none-eabi/lib/armv7-m\libg_nano.a(lib_a-impure.o)
 .ARM.attributes
                0x00000371       0x2d c:/program files (x86)/cypress/psoc creator/4.2/psoc creator/import/gnu/arm/5.4.1/bin/../lib/gcc/arm-none-eabi/5.4.1/../../../../arm-none-eabi/lib/armv7-m\libg_nano.a(lib_a-init.o)
 .ARM.attributes
                0x0000039e       0x2d c:/program files (x86)/cypress/psoc creator/4.2/psoc creator/import/gnu/arm/5.4.1/bin/../lib/gcc/arm-none-eabi/5.4.1/../../../../arm-none-eabi/lib/armv7-m\libg_nano.a(lib_a-memcpy-stub.o)
 .ARM.attributes
                0x000003cb       0x2d c:/program files (x86)/cypress/psoc creator/4.2/psoc creator/import/gnu/arm/5.4.1/bin/../lib/gcc/arm-none-eabi/5.4.1/../../../../arm-none-eabi/lib/armv7-m\libg_nano.a(lib_a-memset.o)
 .ARM.attributes
                0x000003f8       0x2d c:/program files (x86)/cypress/psoc creator/4.2/psoc creator/import/gnu/arm/5.4.1/bin/../lib/gcc/arm-none-eabi/5.4.1/../../../../arm-none-eabi/lib/armv7-m\libg_nano.a(lib_a-nano-vfprintf_float.o)
 .ARM.attributes
                0x00000425       0x2d c:/program files (x86)/cypress/psoc creator/4.2/psoc creator/import/gnu/arm/5.4.1/bin/../lib/gcc/arm-none-eabi/5.4.1/../../../../arm-none-eabi/lib/armv7-m\libg_nano.a(lib_a-nano-vfprintf_i.o)
 .ARM.attributes
                0x00000452       0x17 c:/program files (x86)/cypress/psoc creator/4.2/psoc creator/import/gnu/arm/5.4.1/bin/../lib/gcc/arm-none-eabi/5.4.1/../../../../arm-none-eabi/lib/armv7-m\libg_nano.a(lib_a-strlen.o)
 .ARM.attributes
                0x00000469       0x2d c:/program files (x86)/cypress/psoc creator/4.2/psoc creator/import/gnu/arm/5.4.1/bin/../lib/gcc/arm-none-eabi/5.4.1/../../../../arm-none-eabi/lib/armv7-m\libg_nano.a(lib_a-dtoa.o)
 .ARM.attributes
                0x00000496       0x2d c:/program files (x86)/cypress/psoc creator/4.2/psoc creator/import/gnu/arm/5.4.1/bin/../lib/gcc/arm-none-eabi/5.4.1/../../../../arm-none-eabi/lib/armv7-m\libg_nano.a(lib_a-locale.o)
 .ARM.attributes
                0x000004c3       0x2d c:/program files (x86)/cypress/psoc creator/4.2/psoc creator/import/gnu/arm/5.4.1/bin/../lib/gcc/arm-none-eabi/5.4.1/../../../../arm-none-eabi/lib/armv7-m\libg_nano.a(lib_a-malloc.o)
 .ARM.attributes
                0x000004f0       0x2d c:/program files (x86)/cypress/psoc creator/4.2/psoc creator/import/gnu/arm/5.4.1/bin/../lib/gcc/arm-none-eabi/5.4.1/../../../../arm-none-eabi/lib/armv7-m\libg_nano.a(lib_a-memchr-stub.o)
 .ARM.attributes
                0x0000051d       0x2d c:/program files (x86)/cypress/psoc creator/4.2/psoc creator/import/gnu/arm/5.4.1/bin/../lib/gcc/arm-none-eabi/5.4.1/../../../../arm-none-eabi/lib/armv7-m\libg_nano.a(lib_a-mprec.o)
 .ARM.attributes
                0x0000054a       0x2d c:/program files (x86)/cypress/psoc creator/4.2/psoc creator/import/gnu/arm/5.4.1/bin/../lib/gcc/arm-none-eabi/5.4.1/../../../../arm-none-eabi/lib/armv7-m\libg_nano.a(lib_a-nano-callocr.o)
 .ARM.attributes
                0x00000577       0x2d c:/program files (x86)/cypress/psoc creator/4.2/psoc creator/import/gnu/arm/5.4.1/bin/../lib/gcc/arm-none-eabi/5.4.1/../../../../arm-none-eabi/lib/armv7-m\libg_nano.a(lib_a-nano-freer.o)
 .ARM.attributes
                0x000005a4       0x2d c:/program files (x86)/cypress/psoc creator/4.2/psoc creator/import/gnu/arm/5.4.1/bin/../lib/gcc/arm-none-eabi/5.4.1/../../../../arm-none-eabi/lib/armv7-m\libg_nano.a(lib_a-nano-mallocr.o)
 .ARM.attributes
                0x000005d1       0x2d c:/program files (x86)/cypress/psoc creator/4.2/psoc creator/import/gnu/arm/5.4.1/bin/../lib/gcc/arm-none-eabi/5.4.1/../../../../arm-none-eabi/lib/armv7-m\libg_nano.a(lib_a-sbrkr.o)
 .ARM.attributes
                0x000005fe       0x1b c:/program files (x86)/cypress/psoc creator/4.2/psoc creator/import/gnu/arm/5.4.1/bin/../lib/gcc/arm-none-eabi/5.4.1/../../../../arm-none-eabi/lib/armv7-m\libg_nano.a(lib_a-strcmp.o)
 .ARM.attributes
                0x00000619       0x2d c:/program files (x86)/cypress/psoc creator/4.2/psoc creator/import/gnu/arm/5.4.1/bin/../lib/gcc/arm-none-eabi/5.4.1/../../../../arm-none-eabi/lib/armv7-m\libg_nano.a(lib_a-mlock.o)
 .ARM.attributes
                0x00000646       0x2d c:/program files (x86)/cypress/psoc creator/4.2/psoc creator/import/gnu/arm/5.4.1/bin/../lib/gcc/arm-none-eabi/5.4.1/../../../../arm-none-eabi/lib/armv7-m\libg_nano.a(lib_a-reent.o)
 .ARM.attributes
                0x00000673       0x1d c:/program files (x86)/cypress/psoc creator/4.2/psoc creator/import/gnu/arm/5.4.1/bin/../lib/gcc/arm-none-eabi/5.4.1/armv7-m\libgcc.a(_arm_addsubdf3.o)
 .ARM.attributes
                0x00000690       0x1d c:/program files (x86)/cypress/psoc creator/4.2/psoc creator/import/gnu/arm/5.4.1/bin/../lib/gcc/arm-none-eabi/5.4.1/armv7-m\libgcc.a(_arm_muldivdf3.o)
 .ARM.attributes
                0x000006ad       0x1d c:/program files (x86)/cypress/psoc creator/4.2/psoc creator/import/gnu/arm/5.4.1/bin/../lib/gcc/arm-none-eabi/5.4.1/armv7-m\libgcc.a(_arm_cmpdf2.o)
 .ARM.attributes
                0x000006ca       0x1d c:/program files (x86)/cypress/psoc creator/4.2/psoc creator/import/gnu/arm/5.4.1/bin/../lib/gcc/arm-none-eabi/5.4.1/armv7-m\libgcc.a(_arm_unorddf2.o)
 .ARM.attributes
                0x000006e7       0x1d c:/program files (x86)/cypress/psoc creator/4.2/psoc creator/import/gnu/arm/5.4.1/bin/../lib/gcc/arm-none-eabi/5.4.1/armv7-m\libgcc.a(_arm_fixdfsi.o)
 .ARM.attributes
                0x00000704       0x2d c:/program files (x86)/cypress/psoc creator/4.2/psoc creator/import/gnu/arm/5.4.1/bin/../lib/gcc/arm-none-eabi/5.4.1/armv7-m/crtend.o
 .ARM.attributes
                0x00000731       0x1d c:/program files (x86)/cypress/psoc creator/4.2/psoc creator/import/gnu/arm/5.4.1/bin/../lib/gcc/arm-none-eabi/5.4.1/armv7-m/crtn.o

/DISCARD/
 *(.note.GNU-stack)
OUTPUT(C:\Users\Anton\OneDrive - Aarhus universitet\3. semester\GFV\GFV - LAB\Lab-MotorControl-Group65\PsoC - project\DC-Motor-PWM.cydsn\CortexM3\ARM_GCC_541\Debug\DC-Motor-PWM.elf elf32-littlearm)
