Archive member included to satisfy reference by file (symbol)

.\CortexM3\ARM_GCC_541\Debug\DC-Motor-PWM-opg 2.a(UART_1.o)
                              .\CortexM3\ARM_GCC_541\Debug\main.o (UART_1_Start)
.\CortexM3\ARM_GCC_541\Debug\DC-Motor-PWM-opg 2.a(isr_uart_rx.o)
                              .\CortexM3\ARM_GCC_541\Debug\main.o (isr_uart_rx_StartEx)
.\CortexM3\ARM_GCC_541\Debug\DC-Motor-PWM-opg 2.a(PWM_1.o)
                              .\CortexM3\ARM_GCC_541\Debug\main.o (PWM_1_Stop)
.\CortexM3\ARM_GCC_541\Debug\DC-Motor-PWM-opg 2.a(Direction.o)
                              .\CortexM3\ARM_GCC_541\Debug\main.o (Direction_Write)
.\CortexM3\ARM_GCC_541\Debug\DC-Motor-PWM-opg 2.a(UART_1_IntClock.o)
                              .\CortexM3\ARM_GCC_541\Debug\DC-Motor-PWM-opg 2.a(UART_1.o) (UART_1_IntClock_Start)
.\CortexM3\ARM_GCC_541\Debug\DC-Motor-PWM-opg 2.a(CyLib.o)
                              .\CortexM3\ARM_GCC_541\Debug\Cm3Start.o (CyHalt)
.\CortexM3\ARM_GCC_541\Debug\DC-Motor-PWM-opg 2.a(cyPm.o)
                              .\CortexM3\ARM_GCC_541\Debug\DC-Motor-PWM-opg 2.a(CyLib.o) (CyPmReadStatus)
.\CortexM3\ARM_GCC_541\Debug\DC-Motor-PWM-opg 2.a(CyBootAsmGnu.o)
                              .\CortexM3\ARM_GCC_541\Debug\cyfitter_cfg.o (CyDelayCycles)
.\CortexM3\ARM_GCC_541\Debug\DC-Motor-PWM-opg 2.a(CyFlash.o)
                              .\CortexM3\ARM_GCC_541\Debug\DC-Motor-PWM-opg 2.a(cyPm.o) (CyFlash_SetWaitCycles)
.\CortexM3\ARM_GCC_541\Debug\DC-Motor-PWM-opg 2.a(CySpc.o)
                              .\CortexM3\ARM_GCC_541\Debug\DC-Motor-PWM-opg 2.a(CyFlash.o) (CySpcStart)
c:/program files (x86)/cypress/psoc creator/4.2/psoc creator/import/gnu/arm/5.4.1/bin/../lib/gcc/arm-none-eabi/5.4.1/../../../../arm-none-eabi/lib/armv7-m\libg_nano.a(lib_a-errno.o)
                              .\CortexM3\ARM_GCC_541\Debug\Cm3Start.o (__errno)
c:/program files (x86)/cypress/psoc creator/4.2/psoc creator/import/gnu/arm/5.4.1/bin/../lib/gcc/arm-none-eabi/5.4.1/../../../../arm-none-eabi/lib/armv7-m\libg_nano.a(lib_a-exit.o)
                              c:/program files (x86)/cypress/psoc creator/4.2/psoc creator/import/gnu/arm/5.4.1/bin/../lib/gcc/arm-none-eabi/5.4.1/../../../../arm-none-eabi/lib/armv7-m/crt0.o (exit)
c:/program files (x86)/cypress/psoc creator/4.2/psoc creator/import/gnu/arm/5.4.1/bin/../lib/gcc/arm-none-eabi/5.4.1/../../../../arm-none-eabi/lib/armv7-m\libg_nano.a(lib_a-impure.o)
                              c:/program files (x86)/cypress/psoc creator/4.2/psoc creator/import/gnu/arm/5.4.1/bin/../lib/gcc/arm-none-eabi/5.4.1/../../../../arm-none-eabi/lib/armv7-m\libg_nano.a(lib_a-exit.o) (_global_impure_ptr)
c:/program files (x86)/cypress/psoc creator/4.2/psoc creator/import/gnu/arm/5.4.1/bin/../lib/gcc/arm-none-eabi/5.4.1/../../../../arm-none-eabi/lib/armv7-m\libg_nano.a(lib_a-init.o)
                              c:/program files (x86)/cypress/psoc creator/4.2/psoc creator/import/gnu/arm/5.4.1/bin/../lib/gcc/arm-none-eabi/5.4.1/../../../../arm-none-eabi/lib/armv7-m/crt0.o (__libc_init_array)
c:/program files (x86)/cypress/psoc creator/4.2/psoc creator/import/gnu/arm/5.4.1/bin/../lib/gcc/arm-none-eabi/5.4.1/../../../../arm-none-eabi/lib/armv7-m\libg_nano.a(lib_a-memcpy-stub.o)
                              .\CortexM3\ARM_GCC_541\Debug\cyfitter_cfg.o (memcpy)
c:/program files (x86)/cypress/psoc creator/4.2/psoc creator/import/gnu/arm/5.4.1/bin/../lib/gcc/arm-none-eabi/5.4.1/../../../../arm-none-eabi/lib/armv7-m\libg_nano.a(lib_a-memset.o)
                              c:/program files (x86)/cypress/psoc creator/4.2/psoc creator/import/gnu/arm/5.4.1/bin/../lib/gcc/arm-none-eabi/5.4.1/../../../../arm-none-eabi/lib/armv7-m/crt0.o (memset)
c:/program files (x86)/cypress/psoc creator/4.2/psoc creator/import/gnu/arm/5.4.1/bin/../lib/gcc/arm-none-eabi/5.4.1/../../../../arm-none-eabi/lib/armv7-m\libg_nano.a(lib_a-nano-vfprintf_float.o)
                              (_printf_float)
c:/program files (x86)/cypress/psoc creator/4.2/psoc creator/import/gnu/arm/5.4.1/bin/../lib/gcc/arm-none-eabi/5.4.1/../../../../arm-none-eabi/lib/armv7-m\libg_nano.a(lib_a-nano-vfprintf_i.o)
                              c:/program files (x86)/cypress/psoc creator/4.2/psoc creator/import/gnu/arm/5.4.1/bin/../lib/gcc/arm-none-eabi/5.4.1/../../../../arm-none-eabi/lib/armv7-m\libg_nano.a(lib_a-nano-vfprintf_float.o) (_printf_common)
c:/program files (x86)/cypress/psoc creator/4.2/psoc creator/import/gnu/arm/5.4.1/bin/../lib/gcc/arm-none-eabi/5.4.1/../../../../arm-none-eabi/lib/armv7-m\libg_nano.a(lib_a-strlen.o)
                              c:/program files (x86)/cypress/psoc creator/4.2/psoc creator/import/gnu/arm/5.4.1/bin/../lib/gcc/arm-none-eabi/5.4.1/../../../../arm-none-eabi/lib/armv7-m\libg_nano.a(lib_a-nano-vfprintf_float.o) (strlen)
c:/program files (x86)/cypress/psoc creator/4.2/psoc creator/import/gnu/arm/5.4.1/bin/../lib/gcc/arm-none-eabi/5.4.1/../../../../arm-none-eabi/lib/armv7-m\libg_nano.a(lib_a-dtoa.o)
[...]
Memory Configuration

Name             Origin             Length             Attributes
rom              0x00000000         0x00040000         xr
ram              0x1fff8000         0x00010000         xrw
*default*        0x00000000         0xffffffff

Linker script and memory map

LOAD c:/program files (x86)/cypress/psoc creator/4.2/psoc creator/import/gnu/arm/5.4.1/bin/../lib/gcc/arm-none-eabi/5.4.1/armv7-m/crti.o
LOAD c:/program files (x86)/cypress/psoc creator/4.2/psoc creator/import/gnu/arm/5.4.1/bin/../lib/gcc/arm-none-eabi/5.4.1/armv7-m/crtbegin.o
LOAD c:/program files (x86)/cypress/psoc creator/4.2/psoc creator/import/gnu/arm/5.4.1/bin/../lib/gcc/arm-none-eabi/5.4.1/../../../../arm-none-eabi/lib/armv7-m/crt0.o
START GROUP
LOAD .\CortexM3\ARM_GCC_541\Debug\main.o
LOAD .\CortexM3\ARM_GCC_541\Debug\cyfitter_cfg.o
LOAD .\CortexM3\ARM_GCC_541\Debug\cymetadata.o
LOAD .\CortexM3\ARM_GCC_541\Debug\Cm3Start.o
LOAD .\CortexM3\ARM_GCC_541\Debug\DC-Motor-PWM-opg 2.a
LOAD C:\Program Files (x86)\Cypress\PSoC Creator\4.2\PSoC Creator\psoc\content\cycomponentlibrary\CyComponentLibrary.cylib\CortexM3\ARM_GCC_541\Debug\CyComponentLibrary.a
END GROUP
START GROUP
LOAD c:/program files (x86)/cypress/psoc creator/4.2/psoc creator/import/gnu/arm/5.4.1/bin/../lib/gcc/arm-none-eabi/5.4.1/armv7-m\libgcc.a
LOAD c:/program files (x86)/cypress/psoc creator/4.2/psoc creator/import/gnu/arm/5.4.1/bin/../lib/gcc/arm-none-eabi/5.4.1/../../../../arm-none-eabi/lib/armv7-m\libg_nano.a
LOAD c:/program files (x86)/cypress/psoc creator/4.2/psoc creator/import/gnu/arm/5.4.1/bin/../lib/gcc/arm-none-eabi/5.4.1/../../../../arm-none-eabi/lib/armv7-m\libc_nano.a
END GROUP
START GROUP
LOAD c:/program files (x86)/cypress/psoc creator/4.2/psoc creator/import/gnu/arm/5.4.1/bin/../lib/gcc/arm-none-eabi/5.4.1/armv7-m\libgcc.a
LOAD c:/program files (x86)/cypress/psoc creator/4.2/psoc creator/import/gnu/arm/5.4.1/bin/../lib/gcc/arm-none-eabi/5.4.1/../../../../arm-none-eabi/lib/armv7-m\libc_nano.a
END GROUP
LOAD c:/program files (x86)/cypress/psoc creator/4.2/psoc creator/import/gnu/arm/5.4.1/bin/../lib/gcc/arm-none-eabi/5.4.1/armv7-m/crtend.o
LOAD c:/program files (x86)/cypress/psoc creator/4.2/psoc creator/import/gnu/arm/5.4.1/bin/../lib/gcc/arm-none-eabi/5.4.1/armv7-m/crtn.o
START GROUP
LOAD c:/program files (x86)/cypress/psoc creator/4.2/psoc creator/import/gnu/arm/5.4.1/bin/../lib/gcc/arm-none-eabi/5.4.1/armv7-m\libgcc.a
LOAD c:/program files (x86)/cypress/psoc creator/4.2/psoc creator/import/gnu/arm/5.4.1/bin/../lib/gcc/arm-none-eabi/5.4.1/../../../../arm-none-eabi/lib/armv7-m\libc.a
LOAD c:/program files (x86)/cypress/psoc creator/4.2/psoc creator/import/gnu/arm/5.4.1/bin/../lib/gcc/arm-none-eabi/5.4.1/../../../../arm-none-eabi/lib/armv7-m\libnosys.a
END GROUP
                0x00000000                CY_APPL_ORIGIN = 0x0
                0x00000100                CY_FLASH_ROW_SIZE = 0x100
                0x00000020                CY_ECC_ROW_SIZE = 0x20
                0x00000000                CY_EE_IN_BTLDR = 0x0
                0x00000000                CY_APPL_LOADABLE = 0x0
                0x00000800                CY_EE_SIZE = 0x800
                0x00000001                CY_APPL_NUM = 0x1
                0x00000001                CY_APPL_MAX = 0x1
                0x00000040                CY_METADATA_SIZE = 0x40
                0x00000000                CY_APPL_LOADABLE = 0x0
                0x00000000                CY_CHECKSUM_EXCLUDE_SIZE = ALIGN (0x0, CY_FLASH_ROW_SIZE)
                [!provide]                PROVIDE (__cy_heap_start, _end)
                0x00000001                PROVIDE (__cy_region_num, ((__cy_regions_end - __cy_regions) / 0x10))
                0x20008000                PROVIDE (__cy_stack, (ORIGIN (ram) + LENGTH (ram)))
                [!provide]                PROVIDE (__cy_heap_end, (__cy_stack - 0x800))

.cybootloader   0x00000000        0x0
 *(.cybootloader)
                0x00000000                appl1_start = CY_APPL_ORIGIN?CY_APPL_ORIGIN:ALIGN (CY_FLASH_ROW_SIZE)
                0x0001ff00                appl2_start = (appl1_start + ALIGN ((((LENGTH (rom) - appl1_start) - (0x2 * CY_FLASH_ROW_SIZE)) / 0x2), CY_FLASH_ROW_SIZE))
                0x00000000                appl_start = (CY_APPL_NUM == 0x1)?appl1_start:appl2_start
                0x00000000                ecc_offset = ((appl_start / CY_FLASH_ROW_SIZE) * CY_ECC_ROW_SIZE)
                0x00000000                ee_offset = (CY_APPL_LOADABLE && ! (CY_EE_IN_BTLDR))?((CY_EE_SIZE / CY_APPL_MAX) * (CY_APPL_NUM - 0x1)):0x0
                0x00000800                ee_size = (CY_APPL_LOADABLE && ! (CY_EE_IN_BTLDR))?(CY_EE_SIZE / CY_APPL_MAX):CY_EE_SIZE
                [!provide]                PROVIDE (CY_ECC_OFFSET, ecc_offset)

.text           0x00000000     0x2b48
 CREATE_OBJECT_SYMBOLS
                0x00000000                PROVIDE (__cy_interrupt_vector, RomVectors)
 *(.romvectors)
 .romvectors    0x00000000       0x10 .\CortexM3\ARM_GCC_541\Debug\Cm3Start.o
                0x00000000                RomVectors
                0x00000001                ASSERT ((. != __cy_interrupt_vector), No interrupt vector)
                0x00000001                ASSERT (CY_APPL_ORIGIN?(SIZEOF (.cybootloader) <= CY_APPL_ORIGIN):0x1, Wrong image location)
                0x00000010                PROVIDE (__cy_reset, Reset)
 *(.text.Reset)
 .text.Reset    0x00000010       0x18 .\CortexM3\ARM_GCC_541\Debug\Cm3Start.o
                0x00000010                Reset
                0x00000001                ASSERT ((. != __cy_reset), No reset code)
 *(.dma_init)
                0x00000001                ASSERT ((((appl_start + .) <= 0x10000) || 0x1), DMA Init must be within the first 64k of flash)
 *(.text .text.* .gnu.linkonce.t.*)
 .text          0x00000028       0x5c c:/program files (x86)/cypress/psoc creator/4.2/psoc creator/import/gnu/arm/5.4.1/bin/../lib/gcc/arm-none-eabi/5.4.1/armv7-m/crtbegin.o
 .text.main     0x00000084       0x54 .\CortexM3\ARM_GCC_541\Debug\main.o
                0x00000084                main
 .text.decreaseSpeed
                0x000000d8       0x44 .\CortexM3\ARM_GCC_541\Debug\main.o
                0x000000d8                decreaseSpeed
 .text.increaseSpeed
                0x0000011c       0x38 .\CortexM3\ARM_GCC_541\Debug\main.o
                0x0000011c                increaseSpeed
 .text.driveForwards
                0x00000154       0x24 .\CortexM3\ARM_GCC_541\Debug\main.o
                0x00000154                driveForwards
 .text.driveBackwards
                0x00000178       0x24 .\CortexM3\ARM_GCC_541\Debug\main.o
                0x00000178                driveBackwards
 .text.stop     0x0000019c       0x14 .\CortexM3\ARM_GCC_541\Debug\main.o
                0x0000019c                stop
 .text.handleByteReceived
                0x000001b0       0x3c .\CortexM3\ARM_GCC_541\Debug\main.o
                0x000001b0                handleByteReceived
 .text.ISR_UART_rx_handler
                0x000001ec       0x24 .\CortexM3\ARM_GCC_541\Debug\main.o
                0x000001ec                ISR_UART_rx_handler
 .text.CyClockStartupError
                0x00000210        0x4 .\CortexM3\ARM_GCC_541\Debug\cyfitter_cfg.o
 .text.cfg_write_bytes32
                0x00000214       0x34 .\CortexM3\ARM_GCC_541\Debug\cyfitter_cfg.o
 .text.AnalogSetDefault
                0x00000248       0x28 .\CortexM3\ARM_GCC_541\Debug\cyfitter_cfg.o
 .text.CYMEMZERO
                0x00000270        0xc .\CortexM3\ARM_GCC_541\Debug\cyfitter_cfg.o
 .text.ClockSetup
                0x0000027c       0xc8 .\CortexM3\ARM_GCC_541\Debug\cyfitter_cfg.o
 .text.CYCONFIGCPY
                0x00000344        0x8 .\CortexM3\ARM_GCC_541\Debug\cyfitter_cfg.o
 .text.cyfitter_cfg
                0x0000034c      0x120 .\CortexM3\ARM_GCC_541\Debug\cyfitter_cfg.o
                0x0000034c                cyfitter_cfg
 .text.IntDefaultHandler
                0x0000046c       0x10 .\CortexM3\ARM_GCC_541\Debug\Cm3Start.o
                0x0000046c                IntDefaultHandler
 .text._sbrk    0x0000047c       0x30 .\CortexM3\ARM_GCC_541\Debug\Cm3Start.o
                0x0000047c                _sbrk
 .text.Start_c  0x000004ac       0x4c .\CortexM3\ARM_GCC_541\Debug\Cm3Start.o
                0x000004ac                Start_c
 .text.initialize_psoc
                0x000004f8       0x68 .\CortexM3\ARM_GCC_541\Debug\Cm3Start.o
                0x000004f8                initialize_psoc
 .text.UART_1_Init
                0x00000560       0x28 .\CortexM3\ARM_GCC_541\Debug\DC-Motor-PWM-opg 2.a(UART_1.o)
                0x00000560                UART_1_Init
 .text.UART_1_Enable
                0x00000588       0x38 .\CortexM3\ARM_GCC_541\Debug\DC-Motor-PWM-opg 2.a(UART_1.o)
                0x00000588                UART_1_Enable
 .text.UART_1_Start
                0x000005c0       0x1c .\CortexM3\ARM_GCC_541\Debug\DC-Motor-PWM-opg 2.a(UART_1.o)
                0x000005c0                UART_1_Start
 .text.UART_1_ReadRxData
                0x000005dc        0xc .\CortexM3\ARM_GCC_541\Debug\DC-Motor-PWM-opg 2.a(UART_1.o)
                0x000005dc                UART_1_ReadRxData
 .text.UART_1_GetRxBufferSize
                0x000005e8       0x18 .\CortexM3\ARM_GCC_541\Debug\DC-Motor-PWM-opg 2.a(UART_1.o)
                0x000005e8                UART_1_GetRxBufferSize
 .text.UART_1_WriteTxData
                0x00000600       0x14 .\CortexM3\ARM_GCC_541\Debug\DC-Motor-PWM-opg 2.a(UART_1.o)
                0x00000600                UART_1_WriteTxData
 .text.UART_1_PutChar
                0x00000614       0x18 .\CortexM3\ARM_GCC_541\Debug\DC-Motor-PWM-opg 2.a(UART_1.o)
                0x00000614                UART_1_PutChar
 .text.UART_1_PutString
                0x0000062c       0x24 .\CortexM3\ARM_GCC_541\Debug\DC-Motor-PWM-opg 2.a(UART_1.o)
                0x0000062c                UART_1_PutString
 .text.isr_uart_rx_SetVector
                0x00000650        0xc .\CortexM3\ARM_GCC_541\Debug\DC-Motor-PWM-opg 2.a(isr_uart_rx.o)
                0x00000650                isr_uart_rx_SetVector
 .text.isr_uart_rx_SetPriority
                0x0000065c       0x10 .\CortexM3\ARM_GCC_541\Debug\DC-Motor-PWM-opg 2.a(isr_uart_rx.o)
                0x0000065c                isr_uart_rx_SetPriority
 .text.isr_uart_rx_Enable
                0x0000066c        0xc .\CortexM3\ARM_GCC_541\Debug\DC-Motor-PWM-opg 2.a(isr_uart_rx.o)
                0x0000066c                isr_uart_rx_Enable
 .text.isr_uart_rx_Disable
                0x00000678        0xc .\CortexM3\ARM_GCC_541\Debug\DC-Motor-PWM-opg 2.a(isr_uart_rx.o)
                0x00000678                isr_uart_rx_Disable
 .text.isr_uart_rx_StartEx
                0x00000684       0x1c .\CortexM3\ARM_GCC_541\Debug\DC-Motor-PWM-opg 2.a(isr_uart_rx.o)
                0x00000684                isr_uart_rx_StartEx
 .text.PWM_1_Enable
                0x000006a0       0x10 .\CortexM3\ARM_GCC_541\Debug\DC-Motor-PWM-opg 2.a(PWM_1.o)
                0x000006a0                PWM_1_Enable
 .text.PWM_1_Stop
                0x000006b0       0x10 .\CortexM3\ARM_GCC_541\Debug\DC-Motor-PWM-opg 2.a(PWM_1.o)
                0x000006b0                PWM_1_Stop
 .text.PWM_1_WriteCounter
                0x000006c0        0xc .\CortexM3\ARM_GCC_541\Debug\DC-Motor-PWM-opg 2.a(PWM_1.o)
                0x000006c0                PWM_1_WriteCounter
 .text.PWM_1_WritePeriod
                0x000006cc        0xc .\CortexM3\ARM_GCC_541\Debug\DC-Motor-PWM-opg 2.a(PWM_1.o)
                0x000006cc                PWM_1_WritePeriod
 .text.PWM_1_WriteCompare
                0x000006d8        0xc .\CortexM3\ARM_GCC_541\Debug\DC-Motor-PWM-opg 2.a(PWM_1.o)
                0x000006d8                PWM_1_WriteCompare
 .text.PWM_1_SetInterruptMode
                0x000006e4        0xc .\CortexM3\ARM_GCC_541\Debug\DC-Motor-PWM-opg 2.a(PWM_1.o)
                0x000006e4                PWM_1_SetInterruptMode
 .text.PWM_1_ReadStatusRegister
                0x000006f0        0xc .\CortexM3\ARM_GCC_541\Debug\DC-Motor-PWM-opg 2.a(PWM_1.o)
                0x000006f0                PWM_1_ReadStatusRegister
 .text.PWM_1_ReadCapture
                0x000006fc        0xc .\CortexM3\ARM_GCC_541\Debug\DC-Motor-PWM-opg 2.a(PWM_1.o)
                0x000006fc                PWM_1_ReadCapture
 .text.PWM_1_ClearFIFO
                0x00000708       0x14 .\CortexM3\ARM_GCC_541\Debug\DC-Motor-PWM-opg 2.a(PWM_1.o)
                0x00000708                PWM_1_ClearFIFO
 .text.PWM_1_Init
                0x0000071c       0x50 .\CortexM3\ARM_GCC_541\Debug\DC-Motor-PWM-opg 2.a(PWM_1.o)
                0x0000071c                PWM_1_Init
 .text.PWM_1_Start
                0x0000076c       0x1c .\CortexM3\ARM_GCC_541\Debug\DC-Motor-PWM-opg 2.a(PWM_1.o)
                0x0000076c                PWM_1_Start
 .text.PWM_1_ReadCompare
                0x00000788        0xc .\CortexM3\ARM_GCC_541\Debug\DC-Motor-PWM-opg 2.a(PWM_1.o)
                0x00000788                PWM_1_ReadCompare
 .text.Direction_Write
                0x00000794       0x18 .\CortexM3\ARM_GCC_541\Debug\DC-Motor-PWM-opg 2.a(Direction.o)
                0x00000794                Direction_Write
 .text.Direction_Read
                0x000007ac       0x10 .\CortexM3\ARM_GCC_541\Debug\DC-Motor-PWM-opg 2.a(Direction.o)
                0x000007ac                Direction_Read
 .text.UART_1_IntClock_Start
                0x000007bc       0x1c .\CortexM3\ARM_GCC_541\Debug\DC-Motor-PWM-opg 2.a(UART_1_IntClock.o)
                0x000007bc                UART_1_IntClock_Start
 .text          0x000007d8       0x20 .\CortexM3\ARM_GCC_541\Debug\DC-Motor-PWM-opg 2.a(CyBootAsmGnu.o)
                0x000007d8                CyDelayCycles
                0x000007e8                CyEnterCriticalSection
                0x000007f0                CyExitCriticalSection
 .text.__errno  0x000007f8        0xc c:/program files (x86)/cypress/psoc creator/4.2/psoc creator/import/gnu/arm/5.4.1/bin/../lib/gcc/arm-none-eabi/5.4.1/../../../../arm-none-eabi/lib/armv7-m\libg_nano.a(lib_a-errno.o)
                0x000007f8                __errno
 .text.__libc_init_array
                0x00000804       0x4c c:/program files (x86)/cypress/psoc creator/4.2/psoc creator/import/gnu/arm/5.4.1/bin/../lib/gcc/arm-none-eabi/5.4.1/../../../../arm-none-eabi/lib/armv7-m\libg_nano.a(lib_a-init.o)
                0x00000804                __libc_init_array
 .text.memcpy   0x00000850       0x16 c:/program files (x86)/cypress/psoc creator/4.2/psoc creator/import/gnu/arm/5.4.1/bin/../lib/gcc/arm-none-eabi/5.4.1/../../../../arm-none-eabi/lib/armv7-m\libg_nano.a(lib_a-memcpy-stub.o)
                0x00000850                memcpy
 .text.memset   0x00000866       0x10 c:/program files (x86)/cypress/psoc creator/4.2/psoc creator/import/gnu/arm/5.4.1/bin/../lib/gcc/arm-none-eabi/5.4.1/../../../../arm-none-eabi/lib/armv7-m\libg_nano.a(lib_a-memset.o)
                0x00000866                memset
 .text.__cvt    0x00000876       0xc0 c:/program files (x86)/cypress/psoc creator/4.2/psoc creator/import/gnu/arm/5.4.1/bin/../lib/gcc/arm-none-eabi/5.4.1/../../../../arm-none-eabi/lib/armv7-m\libg_nano.a(lib_a-nano-vfprintf_float.o)
                0x00000876                __cvt
 .text.__exponent
                0x00000936       0x62 c:/program files (x86)/cypress/psoc creator/4.2/psoc creator/import/gnu/arm/5.4.1/bin/../lib/gcc/arm-none-eabi/5.4.1/../../../../arm-none-eabi/lib/armv7-m\libg_nano.a(lib_a-nano-vfprintf_float.o)
                0x00000936                __exponent
 .text._printf_float
                0x00000998      0x488 c:/program files (x86)/cypress/psoc creator/4.2/psoc creator/import/gnu/arm/5.4.1/bin/../lib/gcc/arm-none-eabi/5.4.1/../../../../arm-none-eabi/lib/armv7-m\libg_nano.a(lib_a-nano-vfprintf_float.o)
                0x00000998                _printf_float
 .text._printf_common
                0x00000e20       0xec c:/program files (x86)/cypress/psoc creator/4.2/psoc creator/import/gnu/arm/5.4.1/bin/../lib/gcc/arm-none-eabi/5.4.1/../../../../arm-none-eabi/lib/armv7-m\libg_nano.a(lib_a-nano-vfprintf_i.o)
                0x00000e20                _printf_common
 .text          0x00000f0c       0x10 c:/program files (x86)/cypress/psoc creator/4.2/psoc creator/import/gnu/arm/5.4.1/bin/../lib/gcc/arm-none-eabi/5.4.1/../../../../arm-none-eabi/lib/armv7-m\libg_nano.a(lib_a-strlen.o)
                0x00000f0c                strlen
 .text.quorem   0x00000f1c      0x116 c:/program files (x86)/cypress/psoc creator/4.2/psoc creator/import/gnu/arm/5.4.1/bin/../lib/gcc/arm-none-eabi/5.4.1/../../../../arm-none-eabi/lib/armv7-m\libg_nano.a(lib_a-dtoa.o)
 *fill*         0x00001032        0x6 
 .text._dtoa_r  0x00001038      0xb30 c:/program files (x86)/cypress/psoc creator/4.2/psoc creator/import/gnu/arm/5.4.1/bin/../lib/gcc/arm-none-eabi/5.4.1/../../../../arm-none-eabi/lib/armv7-m\libg_nano.a(lib_a-dtoa.o)
                0x00001038                _dtoa_r
 .text._localeconv_r
                0x00001b68        0x8 c:/program files (x86)/cypress/psoc creator/4.2/psoc creator/import/gnu/arm/5.4.1/bin/../lib/gcc/arm-none-eabi/5.4.1/../../../../arm-none-eabi/lib/armv7-m\libg_nano.a(lib_a-locale.o)
                0x00001b68                _localeconv_r
 .text.malloc   0x00001b70       0x10 c:/program files (x86)/cypress/psoc creator/4.2/psoc creator/import/gnu/arm/5.4.1/bin/../lib/gcc/arm-none-eabi/5.4.1/../../../../arm-none-eabi/lib/armv7-m\libg_nano.a(lib_a-malloc.o)
                0x00001b70                malloc
 .text._Balloc  0x00001b80       0x6a c:/program files (x86)/cypress/psoc creator/4.2/psoc creator/import/gnu/arm/5.4.1/bin/../lib/gcc/arm-none-eabi/5.4.1/../../../../arm-none-eabi/lib/armv7-m\libg_nano.a(lib_a-mprec.o)
                0x00001b80                _Balloc
 .text._Bfree   0x00001bea       0x2e c:/program files (x86)/cypress/psoc creator/4.2/psoc creator/import/gnu/arm/5.4.1/bin/../lib/gcc/arm-none-eabi/5.4.1/../../../../arm-none-eabi/lib/armv7-m\libg_nano.a(lib_a-mprec.o)
                0x00001bea                _Bfree
 .text.__multadd
                0x00001c18       0x76 c:/program files (x86)/cypress/psoc creator/4.2/psoc creator/import/gnu/arm/5.4.1/bin/../lib/gcc/arm-none-eabi/5.4.1/../../../../arm-none-eabi/lib/armv7-m\libg_nano.a(lib_a-mprec.o)
                0x00001c18                __multadd
 .text.__hi0bits
                0x00001c8e       0x40 c:/program files (x86)/cypress/psoc creator/4.2/psoc creator/import/gnu/arm/5.4.1/bin/../lib/gcc/arm-none-eabi/5.4.1/../../../../arm-none-eabi/lib/armv7-m\libg_nano.a(lib_a-mprec.o)
                0x00001c8e                __hi0bits
 .text.__lo0bits
                0x00001cce       0x5a c:/program files (x86)/cypress/psoc creator/4.2/psoc creator/import/gnu/arm/5.4.1/bin/../lib/gcc/arm-none-eabi/5.4.1/../../../../arm-none-eabi/lib/armv7-m\libg_nano.a(lib_a-mprec.o)
                0x00001cce                __lo0bits
 .text.__i2b    0x00001d28       0x12 c:/program files (x86)/cypress/psoc creator/4.2/psoc creator/import/gnu/arm/5.4.1/bin/../lib/gcc/arm-none-eabi/5.4.1/../../../../arm-none-eabi/lib/armv7-m\libg_nano.a(lib_a-mprec.o)
                0x00001d28                __i2b
 .text.__multiply
                0x00001d3a      0x120 c:/program files (x86)/cypress/psoc creator/4.2/psoc creator/import/gnu/arm/5.4.1/bin/../lib/gcc/arm-none-eabi/5.4.1/../../../../arm-none-eabi/lib/armv7-m\libg_nano.a(lib_a-mprec.o)
                0x00001d3a                __multiply
 *fill*         0x00001e5a        0x2 
 .text.__pow5mult
                0x00001e5c       0x9c c:/program files (x86)/cypress/psoc creator/4.2/psoc creator/import/gnu/arm/5.4.1/bin/../lib/gcc/arm-none-eabi/5.4.1/../../../../arm-none-eabi/lib/armv7-m\libg_nano.a(lib_a-mprec.o)
                0x00001e5c                __pow5mult
 .text.__lshift
                0x00001ef8       0xa2 c:/program files (x86)/cypress/psoc creator/4.2/psoc creator/import/gnu/arm/5.4.1/bin/../lib/gcc/arm-none-eabi/5.4.1/../../../../arm-none-eabi/lib/armv7-m\libg_nano.a(lib_a-mprec.o)
                0x00001ef8                __lshift
 .text.__mcmp   0x00001f9a       0x38 c:/program files (x86)/cypress/psoc creator/4.2/psoc creator/import/gnu/arm/5.4.1/bin/../lib/gcc/arm-none-eabi/5.4.1/../../../../arm-none-eabi/lib/armv7-m\libg_nano.a(lib_a-mprec.o)
                0x00001f9a                __mcmp
 .text.__mdiff  0x00001fd2       0xbe c:/program files (x86)/cypress/psoc creator/4.2/psoc creator/import/gnu/arm/5.4.1/bin/../lib/gcc/arm-none-eabi/5.4.1/../../../../arm-none-eabi/lib/armv7-m\libg_nano.a(lib_a-mprec.o)
                0x00001fd2                __mdiff
 .text.__d2b    0x00002090       0x9c c:/program files (x86)/cypress/psoc creator/4.2/psoc creator/import/gnu/arm/5.4.1/bin/../lib/gcc/arm-none-eabi/5.4.1/../../../../arm-none-eabi/lib/armv7-m\libg_nano.a(lib_a-mprec.o)
                0x00002090                __d2b
 .text._calloc_r
                0x0000212c       0x1c c:/program files (x86)/cypress/psoc creator/4.2/psoc creator/import/gnu/arm/5.4.1/bin/../lib/gcc/arm-none-eabi/5.4.1/../../../../arm-none-eabi/lib/armv7-m\libg_nano.a(lib_a-nano-callocr.o)
                0x0000212c                _calloc_r
 .text._malloc_r
                0x00002148       0xbc c:/program files (x86)/cypress/psoc creator/4.2/psoc creator/import/gnu/arm/5.4.1/bin/../lib/gcc/arm-none-eabi/5.4.1/../../../../arm-none-eabi/lib/armv7-m\libg_nano.a(lib_a-nano-mallocr.o)
                0x00002148                _malloc_r
 .text._sbrk_r  0x00002204       0x20 c:/program files (x86)/cypress/psoc creator/4.2/psoc creator/import/gnu/arm/5.4.1/bin/../lib/gcc/arm-none-eabi/5.4.1/../../../../arm-none-eabi/lib/armv7-m\libg_nano.a(lib_a-sbrkr.o)
                0x00002204                _sbrk_r
 .text.__malloc_lock
                0x00002224        0x2 c:/program files (x86)/cypress/psoc creator/4.2/psoc creator/import/gnu/arm/5.4.1/bin/../lib/gcc/arm-none-eabi/5.4.1/../../../../arm-none-eabi/lib/armv7-m\libg_nano.a(lib_a-mlock.o)
                0x00002224                __malloc_lock
 .text.__malloc_unlock
                0x00002226        0x2 c:/program files (x86)/cypress/psoc creator/4.2/psoc creator/import/gnu/arm/5.4.1/bin/../lib/gcc/arm-none-eabi/5.4.1/../../../../arm-none-eabi/lib/armv7-m\libg_nano.a(lib_a-mlock.o)
                0x00002226                __malloc_unlock
 .text          0x00002228      0x370 c:/program files (x86)/cypress/psoc creator/4.2/psoc creator/import/gnu/arm/5.4.1/bin/../lib/gcc/arm-none-eabi/5.4.1/armv7-m\libgcc.a(_arm_addsubdf3.o)
                0x00002228                __aeabi_drsub
                0x00002230                __aeabi_dsub
                0x00002230                __subdf3
                0x00002234                __aeabi_dadd
                0x00002234                __adddf3
                0x000024ac                __floatunsidf
                0x000024ac                __aeabi_ui2d
                0x000024cc                __floatsidf
                0x000024cc                __aeabi_i2d
                0x000024f0                __aeabi_f2d
                0x000024f0                __extendsfdf2
                0x0000252c                __floatundidf
                0x0000252c                __aeabi_ul2d
                0x0000253c                __floatdidf
                0x0000253c                __aeabi_l2d
 .text          0x00002598      0x424 c:/program files (x86)/cypress/psoc creator/4.2/psoc creator/import/gnu/arm/5.4.1/bin/../lib/gcc/arm-none-eabi/5.4.1/armv7-m\libgcc.a(_arm_muldivdf3.o)
                0x00002598                __aeabi_dmul
                0x00002598                __muldf3
                0x000027ec                __divdf3
                0x000027ec                __aeabi_ddiv
 .text          0x000029bc      0x110 c:/program files (x86)/cypress/psoc creator/4.2/psoc creator/import/gnu/arm/5.4.1/bin/../lib/gcc/arm-none-eabi/5.4.1/armv7-m\libgcc.a(_arm_cmpdf2.o)
                0x000029bc                __gtdf2
                0x000029bc                __gedf2
                0x000029c4                __ltdf2
                0x000029c4                __ledf2
                0x000029cc                __nedf2
                0x000029cc                __eqdf2
                0x000029cc                __cmpdf2
                0x00002a48                __aeabi_cdrcmple
                0x00002a58                __aeabi_cdcmpeq
                0x00002a58                __aeabi_cdcmple
                0x00002a68                __aeabi_dcmpeq
                0x00002a7c                __aeabi_dcmplt
                0x00002a90                __aeabi_dcmple
                0x00002aa4                __aeabi_dcmpge
                0x00002ab8                __aeabi_dcmpgt
 .text          0x00002acc       0x2c c:/program files (x86)/cypress/psoc creator/4.2/psoc creator/import/gnu/arm/5.4.1/bin/../lib/gcc/arm-none-eabi/5.4.1/armv7-m\libgcc.a(_arm_unorddf2.o)
                0x00002acc                __unorddf2
                0x00002acc                __aeabi_dcmpun
 .text          0x00002af8       0x50 c:/program files (x86)/cypress/psoc creator/4.2/psoc creator/import/gnu/arm/5.4.1/bin/../lib/gcc/arm-none-eabi/5.4.1/armv7-m\libgcc.a(_arm_fixdfsi.o)
                0x00002af8                __aeabi_d2iz
                0x00002af8                __fixdfsi
 *(.plt)
 *(.gnu.warning)
 *(.glue_7t)
 .glue_7t       0x00002b48        0x0 linker stubs
 *(.glue_7)
 .glue_7        0x00002b48        0x0 linker stubs
 *(.vfp11_veneer)
 .vfp11_veneer  0x00002b48        0x0 linker stubs
 *(.bootloader)
 *(.ARM.extab* .gnu.linkonce.armextab.*)
 *(.gcc_except_table)

.v4_bx          0x00002b48        0x0
 .v4_bx         0x00002b48        0x0 linker stubs

.iplt           0x00002b48        0x0
 .iplt          0x00002b48        0x0 c:/program files (x86)/cypress/psoc creator/4.2/psoc creator/import/gnu/arm/5.4.1/bin/../lib/gcc/arm-none-eabi/5.4.1/armv7-m/crtbegin.o

.eh_frame_hdr
 *(.eh_frame_hdr)

.eh_frame       0x00002b48        0x4
 *(.eh_frame)
 .eh_frame      0x00002b48        0x0 c:/program files (x86)/cypress/psoc creator/4.2/psoc creator/import/gnu/arm/5.4.1/bin/../lib/gcc/arm-none-eabi/5.4.1/armv7-m/crtbegin.o
 .eh_frame      0x00002b48        0x4 c:/program files (x86)/cypress/psoc creator/4.2/psoc creator/import/gnu/arm/5.4.1/bin/../lib/gcc/arm-none-eabi/5.4.1/armv7-m/crtend.o
                [!provide]                PROVIDE (__exidx_start, .)

.ARM.exidx
 *(.ARM.exidx* .gnu.linkonce.armexidx.*)
                0x00002b4c                __exidx_end = .

.rodata         0x00002b50      0x2b8
 *(.rodata .rodata.* .gnu.linkonce.r.*)
 .rodata.str1.4
                0x00002b50      0x11c .\CortexM3\ARM_GCC_541\Debug\main.o
                                0x11b (size before relaxing)
 .rodata        0x00002c6c       0x36 .\CortexM3\ARM_GCC_541\Debug\cyfitter_cfg.o
 .rodata.str1.1
                0x00002ca2        0x2 c:/program files (x86)/cypress/psoc creator/4.2/psoc creator/import/gnu/arm/5.4.1/bin/../lib/gcc/arm-none-eabi/5.4.1/../../../../arm-none-eabi/lib/armv7-m\libg_nano.a(lib_a-impure.o)
 .rodata.str1.1
                0x00002ca4       0x12 c:/program files (x86)/cypress/psoc creator/4.2/psoc creator/import/gnu/arm/5.4.1/bin/../lib/gcc/arm-none-eabi/5.4.1/../../../../arm-none-eabi/lib/armv7-m\libg_nano.a(lib_a-nano-vfprintf_float.o)
 .rodata.str1.1
                0x00002cb6        0xd c:/program files (x86)/cypress/psoc creator/4.2/psoc creator/import/gnu/arm/5.4.1/bin/../lib/gcc/arm-none-eabi/5.4.1/../../../../arm-none-eabi/lib/armv7-m\libg_nano.a(lib_a-dtoa.o)
                                  0xf (size before relaxing)
 .rodata.str1.1
                0x00002cc3        0x8 c:/program files (x86)/cypress/psoc creator/4.2/psoc creator/import/gnu/arm/5.4.1/bin/../lib/gcc/arm-none-eabi/5.4.1/../../../../arm-none-eabi/lib/armv7-m\libg_nano.a(lib_a-locale.o)
                                  0xb (size before relaxing)
 *fill*         0x00002ccb        0x5 
 .rodata.__mprec_tens
                0x00002cd0       0xc8 c:/program files (x86)/cypress/psoc creator/4.2/psoc creator/import/gnu/arm/5.4.1/bin/../lib/gcc/arm-none-eabi/5.4.1/../../../../arm-none-eabi/lib/armv7-m\libg_nano.a(lib_a-mprec.o)
                0x00002cd0                __mprec_tens
 .rodata.p05.5408
                0x00002d98        0xc c:/program files (x86)/cypress/psoc creator/4.2/psoc creator/import/gnu/arm/5.4.1/bin/../lib/gcc/arm-none-eabi/5.4.1/../../../../arm-none-eabi/lib/armv7-m\libg_nano.a(lib_a-mprec.o)
 *fill*         0x00002da4        0x4 
 .rodata.__mprec_bigtens
                0x00002da8       0x28 c:/program files (x86)/cypress/psoc creator/4.2/psoc creator/import/gnu/arm/5.4.1/bin/../lib/gcc/arm-none-eabi/5.4.1/../../../../arm-none-eabi/lib/armv7-m\libg_nano.a(lib_a-mprec.o)
                0x00002da8                __mprec_bigtens
                0x00002dd0                . = ALIGN (0x4)
 *(.init)
 .init          0x00002dd0        0x4 c:/program files (x86)/cypress/psoc creator/4.2/psoc creator/import/gnu/arm/5.4.1/bin/../lib/gcc/arm-none-eabi/5.4.1/armv7-m/crti.o
                0x00002dd0                _init
 .init          0x00002dd4        0x8 c:/program files (x86)/cypress/psoc creator/4.2/psoc creator/import/gnu/arm/5.4.1/bin/../lib/gcc/arm-none-eabi/5.4.1/armv7-m/crtn.o
                0x00002ddc                . = ALIGN (0x4)
                0x00002ddc                __preinit_array_start = .
 *(.preinit_array)
                0x00002ddc                __preinit_array_end = .
                0x00002ddc                . = ALIGN (0x4)
                0x00002ddc                __init_array_start = .
 *(SORT(.init_array.*))
 *(.init_array)
 .init_array    0x00002ddc        0x4 c:/program files (x86)/cypress/psoc creator/4.2/psoc creator/import/gnu/arm/5.4.1/bin/../lib/gcc/arm-none-eabi/5.4.1/armv7-m/crtbegin.o
 .init_array    0x00002de0        0x4 .\CortexM3\ARM_GCC_541\Debug\Cm3Start.o
                0x00002de4                __init_array_end = .
                0x00002de4                . = ALIGN (0x4)
 *(.fini)
 .fini          0x00002de4        0x4 c:/program files (x86)/cypress/psoc creator/4.2/psoc creator/import/gnu/arm/5.4.1/bin/../lib/gcc/arm-none-eabi/5.4.1/armv7-m/crti.o
                0x00002de4                _fini
 .fini          0x00002de8        0x8 c:/program files (x86)/cypress/psoc creator/4.2/psoc creator/import/gnu/arm/5.4.1/bin/../lib/gcc/arm-none-eabi/5.4.1/armv7-m/crtn.o
                0x00002df0                . = ALIGN (0x4)
                0x00002df0                __fini_array_start = .
 *(.fini_array)
 .fini_array    0x00002df0        0x4 c:/program files (x86)/cypress/psoc creator/4.2/psoc creator/import/gnu/arm/5.4.1/bin/../lib/gcc/arm-none-eabi/5.4.1/armv7-m/crtbegin.o
 *(SORT(.fini_array.*))
                0x00002df4                __fini_array_end = .
                0x00002df4                . = ALIGN (0x4)
 *crtbegin.o(.ctors)
 *(EXCLUDE_FILE(*crtend.o) .ctors)
 *(SORT(.ctors.*))
 *crtend.o(.ctors)
                0x00002df4                . = ALIGN (0x4)
 *crtbegin.o(.dtors)
 *(EXCLUDE_FILE(*crtend.o) .dtors)
 *(SORT(.dtors.*))
 *crtend.o(.dtors)
                0x00002df4                . = ALIGN (0x4)
                0x00002df4                __cy_regions = .
                0x00002df4        0x4 LONG 0x2e08 __cy_region_init_ram
                0x00002df8        0x4 LONG 0x1fff80c8 __cy_region_start_data
                0x00002dfc        0x4 LONG 0xa8 __cy_region_init_size_ram
                0x00002e00        0x4 LONG 0x30 __cy_region_zero_size_ram
                0x00002e04                __cy_regions_end = .
                0x00002e08                . = ALIGN (0x8)
 *fill*         0x00002e04        0x4 
                0x00002e08                _etext = .

.cy_checksum_exclude
                0x00002e08        0x0
 *(.cy_checksum_exclude)

.ramvectors     0x1fff8000       0xc0
                0x1fff8000                __cy_region_start_ram = .
 *(.ramvectors)
 .ramvectors    0x1fff8000       0xc0 .\CortexM3\ARM_GCC_541\Debug\Cm3Start.o
                0x1fff8000                CyRamVectors

.noinit         0x1fff80c0        0x1
 *(.noinit)
 .noinit        0x1fff80c0        0x1 .\CortexM3\ARM_GCC_541\Debug\DC-Motor-PWM-opg 2.a(CyLib.o)
                0x1fff80c0                CyResetStatus

.data           0x1fff80c8       0xa8 load address 0x00002e08
                0x1fff80c8                __cy_region_start_data = .
 *(.jcr)
 .jcr           0x1fff80c8        0x0 c:/program files (x86)/cypress/psoc creator/4.2/psoc creator/import/gnu/arm/5.4.1/bin/../lib/gcc/arm-none-eabi/5.4.1/armv7-m/crtbegin.o
 .jcr           0x1fff80c8        0x4 c:/program files (x86)/cypress/psoc creator/4.2/psoc creator/import/gnu/arm/5.4.1/bin/../lib/gcc/arm-none-eabi/5.4.1/armv7-m/crtend.o
 *(.got.plt)
 *(.got)
 *(.shdata)
 *(.data .data.* .gnu.linkonce.d.*)
 .data          0x1fff80cc        0x4 .\CortexM3\ARM_GCC_541\Debug\Cm3Start.o
 .data.impure_data
                0x1fff80d0       0x60 c:/program files (x86)/cypress/psoc creator/4.2/psoc creator/import/gnu/arm/5.4.1/bin/../lib/gcc/arm-none-eabi/5.4.1/../../../../arm-none-eabi/lib/armv7-m\libg_nano.a(lib_a-impure.o)
 .data._impure_ptr
                0x1fff8130        0x4 c:/program files (x86)/cypress/psoc creator/4.2/psoc creator/import/gnu/arm/5.4.1/bin/../lib/gcc/arm-none-eabi/5.4.1/../../../../arm-none-eabi/lib/armv7-m\libg_nano.a(lib_a-impure.o)
                0x1fff8130                _impure_ptr
 .data.lconv    0x1fff8134       0x38 c:/program files (x86)/cypress/psoc creator/4.2/psoc creator/import/gnu/arm/5.4.1/bin/../lib/gcc/arm-none-eabi/5.4.1/../../../../arm-none-eabi/lib/armv7-m\libg_nano.a(lib_a-locale.o)
                0x1fff8170                . = ALIGN (0x8)
 *fill*         0x1fff816c        0x4 
 *(.ram)
                0x1fff8170                _edata = .

.igot.plt       0x1fff8170        0x0 load address 0x00002eb0
 .igot.plt      0x1fff8170        0x0 c:/program files (x86)/cypress/psoc creator/4.2/psoc creator/import/gnu/arm/5.4.1/bin/../lib/gcc/arm-none-eabi/5.4.1/armv7-m/crtbegin.o

.bss            0x1fff8170       0x30 load address 0x00002eb0
                0x1fff8170                PROVIDE (__bss_start__, .)
 *(.shbss)
 *(.bss .bss.* .gnu.linkonce.b.*)
 .bss           0x1fff8170       0x1c c:/program files (x86)/cypress/psoc creator/4.2/psoc creator/import/gnu/arm/5.4.1/bin/../lib/gcc/arm-none-eabi/5.4.1/armv7-m/crtbegin.o
 .bss           0x1fff818c        0x2 .\CortexM3\ARM_GCC_541\Debug\DC-Motor-PWM-opg 2.a(UART_1.o)
                0x1fff818c                UART_1_initVar
 .bss           0x1fff818e        0x1 .\CortexM3\ARM_GCC_541\Debug\DC-Motor-PWM-opg 2.a(PWM_1.o)
                0x1fff818e                PWM_1_initVar
 *fill*         0x1fff818f        0x1 
 .bss.__malloc_sbrk_start
                0x1fff8190        0x4 c:/program files (x86)/cypress/psoc creator/4.2/psoc creator/import/gnu/arm/5.4.1/bin/../lib/gcc/arm-none-eabi/5.4.1/../../../../arm-none-eabi/lib/armv7-m\libg_nano.a(lib_a-nano-mallocr.o)
                0x1fff8190                __malloc_sbrk_start
 .bss.__malloc_free_list
                0x1fff8194        0x4 c:/program files (x86)/cypress/psoc creator/4.2/psoc creator/import/gnu/arm/5.4.1/bin/../lib/gcc/arm-none-eabi/5.4.1/../../../../arm-none-eabi/lib/armv7-m\libg_nano.a(lib_a-nano-mallocr.o)
                0x1fff8194                __malloc_free_list
 *(COMMON)
 COMMON         0x1fff8198        0x4 c:/program files (x86)/cypress/psoc creator/4.2/psoc creator/import/gnu/arm/5.4.1/bin/../lib/gcc/arm-none-eabi/5.4.1/../../../../arm-none-eabi/lib/armv7-m\libg_nano.a(lib_a-reent.o)
                0x1fff8198                errno
                0x1fff81a0                . = ALIGN (0x8)
 *fill*         0x1fff819c        0x4 
 *(.ram.b)
                0x1fff81a0                _end = .
                0x1fff81a0                __end = .
                0x1fff81a0                PROVIDE (end, .)
                0x1fff81a0                PROVIDE (__bss_end__, .)
                0x00002e08                __cy_region_init_ram = LOADADDR (.data)
                0x000000a8                __cy_region_init_size_ram = (_edata - ADDR (.data))
                0x00000030                __cy_region_zero_size_ram = (_end - _edata)

.heap           0x1fff81a0      0x200 load address 0x00002eb0
                0x1fff81a0                . = _end
                0x1fff83a0                . = (. + 0x200)
 *fill*         0x1fff81a0      0x200 
                0x1fff83a0                __cy_heap_limit = .

.stack          0x20007800      0x800
                0x20007800                __cy_stack_limit = .
                0x20008000                . = (. + 0x800)
 *fill*         0x20007800      0x800 
                0x00000001                ASSERT ((__cy_stack_limit >= __cy_heap_limit), region RAM overflowed with stack)
                0x00000000                cy_checksum_exclude_size = (CY_APPL_LOADABLE == 0x1)?SIZEOF (.cy_checksum_exclude):0x0
                0x00000001                ASSERT ((cy_checksum_exclude_size <= CY_CHECKSUM_EXCLUDE_SIZE), CY_BOOT: Section .cy_checksum_exclude size exceedes specified limit.)

.cyloadermeta
 *(.cyloadermeta)

.cyloadablemeta
 *(.cyloadablemeta)

.cyconfigecc    0x80000000      0x448
 *(.cyconfigecc)
 .cyconfigecc   0x80000000      0x448 .\CortexM3\ARM_GCC_541\Debug\cymetadata.o
                0x80000000                cy_meta_configecc

.cycustnvl      0x90000000        0x4
 *(.cycustnvl)
 .cycustnvl     0x90000000        0x4 .\CortexM3\ARM_GCC_541\Debug\cymetadata.o
                0x90000000                cy_meta_custnvl

.cywolatch      0x90100000        0x4
 *(.cywolatch)
 .cywolatch     0x90100000        0x4 .\CortexM3\ARM_GCC_541\Debug\cymetadata.o
                0x90100000                cy_meta_wonvl

.cyeeprom       0x90200000        0x0
 *(.cyeeprom)
                0x00000001                ASSERT ((. <= ((0x90200000 + ee_offset) + ee_size)), .cyeeprom data will not fit in EEPROM)

.cyflashprotect
                0x90400000      0x100
 *(.cyflashprotect)
 .cyflashprotect
                0x90400000      0x100 .\CortexM3\ARM_GCC_541\Debug\cymetadata.o
                0x90400000                cy_meta_flashprotect

.cymeta         0x90500000        0xc
 *(.cymeta)
 .cymeta        0x90500000        0xc .\CortexM3\ARM_GCC_541\Debug\cymetadata.o
                0x90500000                cy_metadata

.rel.dyn        0x00002eb0        0x0 load address 0x9050000c
 .rel.iplt      0x00002eb0        0x0 c:/program files (x86)/cypress/psoc creator/4.2/psoc creator/import/gnu/arm/5.4.1/bin/../lib/gcc/arm-none-eabi/5.4.1/armv7-m/crtbegin.o

.stab
 *(.stab)

.stabstr
 *(.stabstr)

.debug
 *(.debug)

.line
 *(.line)

.debug_srcinfo
 *(.debug_srcinfo)

.debug_sfnames
 *(.debug_sfnames)

.debug_aranges  0x00000000      0x810
 *(.debug_aranges)
 .debug_aranges
                0x00000000       0x58 .\CortexM3\ARM_GCC_541\Debug\main.o
 .debug_aranges
                0x00000058       0x58 .\CortexM3\ARM_GCC_541\Debug\cyfitter_cfg.o
 .debug_aranges
                0x000000b0       0x18 .\CortexM3\ARM_GCC_541\Debug\cymetadata.o
 .debug_aranges
                0x000000c8       0x48 .\CortexM3\ARM_GCC_541\Debug\Cm3Start.o
 .debug_aranges
                0x00000110       0xf0 .\CortexM3\ARM_GCC_541\Debug\DC-Motor-PWM-opg 2.a(UART_1.o)
 .debug_aranges
                0x00000200       0x80 .\CortexM3\ARM_GCC_541\Debug\DC-Motor-PWM-opg 2.a(isr_uart_rx.o)
 .debug_aranges
                0x00000280       0x98 .\CortexM3\ARM_GCC_541\Debug\DC-Motor-PWM-opg 2.a(PWM_1.o)
 .debug_aranges
                0x00000318       0x38 .\CortexM3\ARM_GCC_541\Debug\DC-Motor-PWM-opg 2.a(Direction.o)
 .debug_aranges
                0x00000350       0x70 .\CortexM3\ARM_GCC_541\Debug\DC-Motor-PWM-opg 2.a(UART_1_IntClock.o)
 .debug_aranges
                0x000003c0      0x2a0 .\CortexM3\ARM_GCC_541\Debug\DC-Motor-PWM-opg 2.a(CyLib.o)
 .debug_aranges
                0x00000660       0x98 .\CortexM3\ARM_GCC_541\Debug\DC-Motor-PWM-opg 2.a(cyPm.o)
 .debug_aranges
                0x000006f8       0x20 .\CortexM3\ARM_GCC_541\Debug\DC-Motor-PWM-opg 2.a(CyBootAsmGnu.o)
 .debug_aranges
                0x00000718       0x80 .\CortexM3\ARM_GCC_541\Debug\DC-Motor-PWM-opg 2.a(CyFlash.o)
 .debug_aranges
                0x00000798       0x78 .\CortexM3\ARM_GCC_541\Debug\DC-Motor-PWM-opg 2.a(CySpc.o)

.debug_pubnames
 *(.debug_pubnames)

.debug_info     0x00000000     0x482a
 *(.debug_info .gnu.linkonce.wi.*)
 .debug_info    0x00000000      0x4ee .\CortexM3\ARM_GCC_541\Debug\main.o
 .debug_info    0x000004ee      0x5b9 .\CortexM3\ARM_GCC_541\Debug\cyfitter_cfg.o
 .debug_info    0x00000aa7      0x135 .\CortexM3\ARM_GCC_541\Debug\cymetadata.o
 .debug_info    0x00000bdc      0x3b5 .\CortexM3\ARM_GCC_541\Debug\Cm3Start.o
 .debug_info    0x00000f91      0x60c .\CortexM3\ARM_GCC_541\Debug\DC-Motor-PWM-opg 2.a(UART_1.o)
 .debug_info    0x0000159d      0x2d2 .\CortexM3\ARM_GCC_541\Debug\DC-Motor-PWM-opg 2.a(isr_uart_rx.o)
 .debug_info    0x0000186f      0x334 .\CortexM3\ARM_GCC_541\Debug\DC-Motor-PWM-opg 2.a(PWM_1.o)
 .debug_info    0x00001ba3      0x11f .\CortexM3\ARM_GCC_541\Debug\DC-Motor-PWM-opg 2.a(Direction.o)
 .debug_info    0x00001cc2      0x283 .\CortexM3\ARM_GCC_541\Debug\DC-Motor-PWM-opg 2.a(UART_1_IntClock.o)
 .debug_info    0x00001f45     0x1374 .\CortexM3\ARM_GCC_541\Debug\DC-Motor-PWM-opg 2.a(CyLib.o)
 .debug_info    0x000032b9      0xa1d .\CortexM3\ARM_GCC_541\Debug\DC-Motor-PWM-opg 2.a(cyPm.o)
 .debug_info    0x00003cd6       0xb3 .\CortexM3\ARM_GCC_541\Debug\DC-Motor-PWM-opg 2.a(CyBootAsmGnu.o)
 .debug_info    0x00003d89      0x5b8 .\CortexM3\ARM_GCC_541\Debug\DC-Motor-PWM-opg 2.a(CyFlash.o)
 .debug_info    0x00004341      0x4e9 .\CortexM3\ARM_GCC_541\Debug\DC-Motor-PWM-opg 2.a(CySpc.o)

.debug_abbrev   0x00000000     0x127c
 *(.debug_abbrev)
 .debug_abbrev  0x00000000       0xfe .\CortexM3\ARM_GCC_541\Debug\main.o
 .debug_abbrev  0x000000fe      0x20d .\CortexM3\ARM_GCC_541\Debug\cyfitter_cfg.o
 .debug_abbrev  0x0000030b       0x66 .\CortexM3\ARM_GCC_541\Debug\cymetadata.o
 .debug_abbrev  0x00000371      0x1e8 .\CortexM3\ARM_GCC_541\Debug\Cm3Start.o
 .debug_abbrev  0x00000559      0x175 .\CortexM3\ARM_GCC_541\Debug\DC-Motor-PWM-opg 2.a(UART_1.o)
 .debug_abbrev  0x000006ce      0x173 .\CortexM3\ARM_GCC_541\Debug\DC-Motor-PWM-opg 2.a(isr_uart_rx.o)
 .debug_abbrev  0x00000841      0x133 .\CortexM3\ARM_GCC_541\Debug\DC-Motor-PWM-opg 2.a(PWM_1.o)
 .debug_abbrev  0x00000974       0x90 .\CortexM3\ARM_GCC_541\Debug\DC-Motor-PWM-opg 2.a(Direction.o)
 .debug_abbrev  0x00000a04      0x139 .\CortexM3\ARM_GCC_541\Debug\DC-Motor-PWM-opg 2.a(UART_1_IntClock.o)
 .debug_abbrev  0x00000b3d      0x254 .\CortexM3\ARM_GCC_541\Debug\DC-Motor-PWM-opg 2.a(CyLib.o)
 .debug_abbrev  0x00000d91      0x1ab .\CortexM3\ARM_GCC_541\Debug\DC-Motor-PWM-opg 2.a(cyPm.o)
 .debug_abbrev  0x00000f3c       0x14 .\CortexM3\ARM_GCC_541\Debug\DC-Motor-PWM-opg 2.a(CyBootAsmGnu.o)
 .debug_abbrev  0x00000f50      0x198 .\CortexM3\ARM_GCC_541\Debug\DC-Motor-PWM-opg 2.a(CyFlash.o)
 .debug_abbrev  0x000010e8      0x194 .\CortexM3\ARM_GCC_541\Debug\DC-Motor-PWM-opg 2.a(CySpc.o)

.debug_line     0x00000000     0x1f47
 *(.debug_line)
 .debug_line    0x00000000      0x246 .\CortexM3\ARM_GCC_541\Debug\main.o
 .debug_line    0x00000246      0x1f6 .\CortexM3\ARM_GCC_541\Debug\cyfitter_cfg.o
 .debug_line    0x0000043c      0x141 .\CortexM3\ARM_GCC_541\Debug\cymetadata.o
 .debug_line    0x0000057d      0x234 .\CortexM3\ARM_GCC_541\Debug\Cm3Start.o
 .debug_line    0x000007b1      0x2c0 .\CortexM3\ARM_GCC_541\Debug\DC-Motor-PWM-opg 2.a(UART_1.o)
 .debug_line    0x00000a71      0x138 .\CortexM3\ARM_GCC_541\Debug\DC-Motor-PWM-opg 2.a(isr_uart_rx.o)
 .debug_line    0x00000ba9      0x185 .\CortexM3\ARM_GCC_541\Debug\DC-Motor-PWM-opg 2.a(PWM_1.o)
 .debug_line    0x00000d2e       0x96 .\CortexM3\ARM_GCC_541\Debug\DC-Motor-PWM-opg 2.a(Direction.o)
 .debug_line    0x00000dc4      0x17e .\CortexM3\ARM_GCC_541\Debug\DC-Motor-PWM-opg 2.a(UART_1_IntClock.o)
 .debug_line    0x00000f42      0x816 .\CortexM3\ARM_GCC_541\Debug\DC-Motor-PWM-opg 2.a(CyLib.o)
 .debug_line    0x00001758      0x364 .\CortexM3\ARM_GCC_541\Debug\DC-Motor-PWM-opg 2.a(cyPm.o)
 .debug_line    0x00001abc       0x66 .\CortexM3\ARM_GCC_541\Debug\DC-Motor-PWM-opg 2.a(CyBootAsmGnu.o)
 .debug_line    0x00001b22      0x1e9 .\CortexM3\ARM_GCC_541\Debug\DC-Motor-PWM-opg 2.a(CyFlash.o)
 .debug_line    0x00001d0b      0x23c .\CortexM3\ARM_GCC_541\Debug\DC-Motor-PWM-opg 2.a(CySpc.o)

.debug_frame    0x00000000     0x1aec
 *(.debug_frame)
 .debug_frame   0x00000000       0xf4 .\CortexM3\ARM_GCC_541\Debug\main.o
 .debug_frame   0x000000f4       0xe4 .\CortexM3\ARM_GCC_541\Debug\cyfitter_cfg.o
 .debug_frame   0x000001d8       0xb8 .\CortexM3\ARM_GCC_541\Debug\Cm3Start.o
 .debug_frame   0x00000290      0x250 .\CortexM3\ARM_GCC_541\Debug\DC-Motor-PWM-opg 2.a(UART_1.o)
 .debug_frame   0x000004e0      0x104 .\CortexM3\ARM_GCC_541\Debug\DC-Motor-PWM-opg 2.a(isr_uart_rx.o)
 .debug_frame   0x000005e4      0x134 .\CortexM3\ARM_GCC_541\Debug\DC-Motor-PWM-opg 2.a(PWM_1.o)
 .debug_frame   0x00000718       0x50 .\CortexM3\ARM_GCC_541\Debug\DC-Motor-PWM-opg 2.a(Direction.o)
 .debug_frame   0x00000768       0xe0 .\CortexM3\ARM_GCC_541\Debug\DC-Motor-PWM-opg 2.a(UART_1_IntClock.o)
 .debug_frame   0x00000848      0x738 .\CortexM3\ARM_GCC_541\Debug\DC-Motor-PWM-opg 2.a(CyLib.o)
 .debug_frame   0x00000f80      0x1f8 .\CortexM3\ARM_GCC_541\Debug\DC-Motor-PWM-opg 2.a(cyPm.o)
 .debug_frame   0x00001178      0x174 .\CortexM3\ARM_GCC_541\Debug\DC-Motor-PWM-opg 2.a(CyFlash.o)
 .debug_frame   0x000012ec      0x160 .\CortexM3\ARM_GCC_541\Debug\DC-Motor-PWM-opg 2.a(CySpc.o)
 .debug_frame   0x0000144c       0x20 c:/program files (x86)/cypress/psoc creator/4.2/psoc creator/import/gnu/arm/5.4.1/bin/../lib/gcc/arm-none-eabi/5.4.1/../../../../arm-none-eabi/lib/armv7-m\libg_nano.a(lib_a-errno.o)
 .debug_frame   0x0000146c       0x28 c:/program files (x86)/cypress/psoc creator/4.2/psoc creator/import/gnu/arm/5.4.1/bin/../lib/gcc/arm-none-eabi/5.4.1/../../../../arm-none-eabi/lib/armv7-m\libg_nano.a(lib_a-exit.o)
 .debug_frame   0x00001494       0x2c c:/program files (x86)/cypress/psoc creator/4.2/psoc creator/import/gnu/arm/5.4.1/bin/../lib/gcc/arm-none-eabi/5.4.1/../../../../arm-none-eabi/lib/armv7-m\libg_nano.a(lib_a-init.o)
 .debug_frame   0x000014c0       0x28 c:/program files (x86)/cypress/psoc creator/4.2/psoc creator/import/gnu/arm/5.4.1/bin/../lib/gcc/arm-none-eabi/5.4.1/../../../../arm-none-eabi/lib/armv7-m\libg_nano.a(lib_a-memcpy-stub.o)
 .debug_frame   0x000014e8       0x20 c:/program files (x86)/cypress/psoc creator/4.2/psoc creator/import/gnu/arm/5.4.1/bin/../lib/gcc/arm-none-eabi/5.4.1/../../../../arm-none-eabi/lib/armv7-m\libg_nano.a(lib_a-memset.o)
 .debug_frame   0x00001508       0x8c c:/program files (x86)/cypress/psoc creator/4.2/psoc creator/import/gnu/arm/5.4.1/bin/../lib/gcc/arm-none-eabi/5.4.1/../../../../arm-none-eabi/lib/armv7-m\libg_nano.a(lib_a-nano-vfprintf_float.o)
 .debug_frame   0x00001594       0x60 c:/program files (x86)/cypress/psoc creator/4.2/psoc creator/import/gnu/arm/5.4.1/bin/../lib/gcc/arm-none-eabi/5.4.1/../../../../arm-none-eabi/lib/armv7-m\libg_nano.a(lib_a-nano-vfprintf_i.o)
 .debug_frame   0x000015f4       0x6c c:/program files (x86)/cypress/psoc creator/4.2/psoc creator/import/gnu/arm/5.4.1/bin/../lib/gcc/arm-none-eabi/5.4.1/../../../../arm-none-eabi/lib/armv7-m\libg_nano.a(lib_a-dtoa.o)
 .debug_frame   0x00001660       0x98 c:/program files (x86)/cypress/psoc creator/4.2/psoc creator/import/gnu/arm/5.4.1/bin/../lib/gcc/arm-none-eabi/5.4.1/../../../../arm-none-eabi/lib/armv7-m\libg_nano.a(lib_a-locale.o)
 .debug_frame   0x000016f8       0x30 c:/program files (x86)/cypress/psoc creator/4.2/psoc creator/import/gnu/arm/5.4.1/bin/../lib/gcc/arm-none-eabi/5.4.1/../../../../arm-none-eabi/lib/armv7-m\libg_nano.a(lib_a-malloc.o)
 .debug_frame   0x00001728       0x28 c:/program files (x86)/cypress/psoc creator/4.2/psoc creator/import/gnu/arm/5.4.1/bin/../lib/gcc/arm-none-eabi/5.4.1/../../../../arm-none-eabi/lib/armv7-m\libg_nano.a(lib_a-memchr-stub.o)
 .debug_frame   0x00001750      0x234 c:/program files (x86)/cypress/psoc creator/4.2/psoc creator/import/gnu/arm/5.4.1/bin/../lib/gcc/arm-none-eabi/5.4.1/../../../../arm-none-eabi/lib/armv7-m\libg_nano.a(lib_a-mprec.o)
 .debug_frame   0x00001984       0x2c c:/program files (x86)/cypress/psoc creator/4.2/psoc creator/import/gnu/arm/5.4.1/bin/../lib/gcc/arm-none-eabi/5.4.1/../../../../arm-none-eabi/lib/armv7-m\libg_nano.a(lib_a-nano-callocr.o)
 .debug_frame   0x000019b0       0x38 c:/program files (x86)/cypress/psoc creator/4.2/psoc creator/import/gnu/arm/5.4.1/bin/../lib/gcc/arm-none-eabi/5.4.1/../../../../arm-none-eabi/lib/armv7-m\libg_nano.a(lib_a-nano-freer.o)
 .debug_frame   0x000019e8       0x2c c:/program files (x86)/cypress/psoc creator/4.2/psoc creator/import/gnu/arm/5.4.1/bin/../lib/gcc/arm-none-eabi/5.4.1/../../../../arm-none-eabi/lib/armv7-m\libg_nano.a(lib_a-nano-mallocr.o)
 .debug_frame   0x00001a14       0x2c c:/program files (x86)/cypress/psoc creator/4.2/psoc creator/import/gnu/arm/5.4.1/bin/../lib/gcc/arm-none-eabi/5.4.1/../../../../arm-none-eabi/lib/armv7-m\libg_nano.a(lib_a-sbrkr.o)
 .debug_frame   0x00001a40       0x20 c:/program files (x86)/cypress/psoc creator/4.2/psoc creator/import/gnu/arm/5.4.1/bin/../lib/gcc/arm-none-eabi/5.4.1/../../../../arm-none-eabi/lib/armv7-m\libg_nano.a(lib_a-strcmp.o)
 .debug_frame   0x00001a60       0x30 c:/program files (x86)/cypress/psoc creator/4.2/psoc creator/import/gnu/arm/5.4.1/bin/../lib/gcc/arm-none-eabi/5.4.1/../../../../arm-none-eabi/lib/armv7-m\libg_nano.a(lib_a-mlock.o)
 .debug_frame   0x00001a90       0x5c c:/program files (x86)/cypress/psoc creator/4.2/psoc creator/import/gnu/arm/5.4.1/bin/../lib/gcc/arm-none-eabi/5.4.1/../../../../arm-none-eabi/lib/armv7-m\libg_nano.a(lib_a-reent.o)

.debug_str      0x00000000     0x1b2f
 *(.debug_str)
 .debug_str     0x00000000      0x2dd .\CortexM3\ARM_GCC_541\Debug\main.o
                                0x32d (size before relaxing)
 .debug_str     0x000002dd      0x1b6 .\CortexM3\ARM_GCC_541\Debug\cyfitter_cfg.o
                                0x367 (size before relaxing)
 .debug_str     0x00000493       0x75 .\CortexM3\ARM_GCC_541\Debug\cymetadata.o
                                0x207 (size before relaxing)
 .debug_str     0x00000508      0x144 .\CortexM3\ARM_GCC_541\Debug\Cm3Start.o
                                0x32d (size before relaxing)
 .debug_str     0x0000064c      0x2b8 .\CortexM3\ARM_GCC_541\Debug\DC-Motor-PWM-opg 2.a(UART_1.o)
                                0x4d6 (size before relaxing)
 .debug_str     0x00000904      0x13e .\CortexM3\ARM_GCC_541\Debug\DC-Motor-PWM-opg 2.a(isr_uart_rx.o)
                                0x31d (size before relaxing)
 .debug_str     0x00000a42      0x15a .\CortexM3\ARM_GCC_541\Debug\DC-Motor-PWM-opg 2.a(PWM_1.o)
                                0x374 (size before relaxing)
 .debug_str     0x00000b9c       0x60 .\CortexM3\ARM_GCC_541\Debug\DC-Motor-PWM-opg 2.a(Direction.o)
                                0x219 (size before relaxing)
 .debug_str     0x00000bfc      0x19d .\CortexM3\ARM_GCC_541\Debug\DC-Motor-PWM-opg 2.a(UART_1_IntClock.o)
                                0x371 (size before relaxing)
 .debug_str     0x00000d99      0x7f5 .\CortexM3\ARM_GCC_541\Debug\DC-Motor-PWM-opg 2.a(CyLib.o)
                                0xa6a (size before relaxing)
 .debug_str     0x0000158e      0x359 .\CortexM3\ARM_GCC_541\Debug\DC-Motor-PWM-opg 2.a(cyPm.o)
                                0x74a (size before relaxing)
 .debug_str     0x000018e7      0x19c .\CortexM3\ARM_GCC_541\Debug\DC-Motor-PWM-opg 2.a(CyFlash.o)
                                0x3c4 (size before relaxing)
 .debug_str     0x00001a83       0xac .\CortexM3\ARM_GCC_541\Debug\DC-Motor-PWM-opg 2.a(CySpc.o)
                                0x34d (size before relaxing)

.debug_loc      0x00000000     0x1def
 *(.debug_loc)
 .debug_loc     0x00000000       0xdc .\CortexM3\ARM_GCC_541\Debug\main.o
 .debug_loc     0x000000dc      0x259 .\CortexM3\ARM_GCC_541\Debug\cyfitter_cfg.o
 .debug_loc     0x00000335      0x144 .\CortexM3\ARM_GCC_541\Debug\Cm3Start.o
 .debug_loc     0x00000479      0x258 .\CortexM3\ARM_GCC_541\Debug\DC-Motor-PWM-opg 2.a(UART_1.o)
 .debug_loc     0x000006d1       0x56 .\CortexM3\ARM_GCC_541\Debug\DC-Motor-PWM-opg 2.a(isr_uart_rx.o)
 .debug_loc     0x00000727       0x26 .\CortexM3\ARM_GCC_541\Debug\DC-Motor-PWM-opg 2.a(PWM_1.o)
 .debug_loc     0x0000074d       0x42 .\CortexM3\ARM_GCC_541\Debug\DC-Motor-PWM-opg 2.a(Direction.o)
 .debug_loc     0x0000078f      0x12c .\CortexM3\ARM_GCC_541\Debug\DC-Motor-PWM-opg 2.a(UART_1_IntClock.o)
 .debug_loc     0x000008bb      0xa11 .\CortexM3\ARM_GCC_541\Debug\DC-Motor-PWM-opg 2.a(CyLib.o)
 .debug_loc     0x000012cc      0x1e4 .\CortexM3\ARM_GCC_541\Debug\DC-Motor-PWM-opg 2.a(cyPm.o)
 .debug_loc     0x000014b0      0x2f2 .\CortexM3\ARM_GCC_541\Debug\DC-Motor-PWM-opg 2.a(CyFlash.o)
 .debug_loc     0x000017a2      0x64d .\CortexM3\ARM_GCC_541\Debug\DC-Motor-PWM-opg 2.a(CySpc.o)

.debug_macinfo
 *(.debug_macinfo)

.debug_ranges   0x00000000      0x718
 *(.debug_ranges)
 .debug_ranges  0x00000000       0x48 .\CortexM3\ARM_GCC_541\Debug\main.o
 .debug_ranges  0x00000048       0x48 .\CortexM3\ARM_GCC_541\Debug\cyfitter_cfg.o
 .debug_ranges  0x00000090       0x38 .\CortexM3\ARM_GCC_541\Debug\Cm3Start.o
 .debug_ranges  0x000000c8       0xe0 .\CortexM3\ARM_GCC_541\Debug\DC-Motor-PWM-opg 2.a(UART_1.o)
 .debug_ranges  0x000001a8       0x70 .\CortexM3\ARM_GCC_541\Debug\DC-Motor-PWM-opg 2.a(isr_uart_rx.o)
 .debug_ranges  0x00000218       0x88 .\CortexM3\ARM_GCC_541\Debug\DC-Motor-PWM-opg 2.a(PWM_1.o)
 .debug_ranges  0x000002a0       0x28 .\CortexM3\ARM_GCC_541\Debug\DC-Motor-PWM-opg 2.a(Direction.o)
 .debug_ranges  0x000002c8       0x60 .\CortexM3\ARM_GCC_541\Debug\DC-Motor-PWM-opg 2.a(UART_1_IntClock.o)
 .debug_ranges  0x00000328      0x290 .\CortexM3\ARM_GCC_541\Debug\DC-Motor-PWM-opg 2.a(CyLib.o)
 .debug_ranges  0x000005b8       0x88 .\CortexM3\ARM_GCC_541\Debug\DC-Motor-PWM-opg 2.a(cyPm.o)
 .debug_ranges  0x00000640       0x70 .\CortexM3\ARM_GCC_541\Debug\DC-Motor-PWM-opg 2.a(CyFlash.o)
 .debug_ranges  0x000006b0       0x68 .\CortexM3\ARM_GCC_541\Debug\DC-Motor-PWM-opg 2.a(CySpc.o)

.comment        0x00000000       0x6e
 .comment       0x00000000       0x6e .\CortexM3\ARM_GCC_541\Debug\main.o
                                 0x6f (size before relaxing)
 .comment       0x0000006e       0x6f .\CortexM3\ARM_GCC_541\Debug\cyfitter_cfg.o
 .comment       0x0000006e       0x6f .\CortexM3\ARM_GCC_541\Debug\cymetadata.o
 .comment       0x0000006e       0x6f .\CortexM3\ARM_GCC_541\Debug\Cm3Start.o
 .comment       0x0000006e       0x6f .\CortexM3\ARM_GCC_541\Debug\DC-Motor-PWM-opg 2.a(UART_1.o)
 .comment       0x0000006e       0x6f .\CortexM3\ARM_GCC_541\Debug\DC-Motor-PWM-opg 2.a(isr_uart_rx.o)
 .comment       0x0000006e       0x6f .\CortexM3\ARM_GCC_541\Debug\DC-Motor-PWM-opg 2.a(PWM_1.o)
 .comment       0x0000006e       0x6f .\CortexM3\ARM_GCC_541\Debug\DC-Motor-PWM-opg 2.a(Direction.o)
 .comment       0x0000006e       0x6f .\CortexM3\ARM_GCC_541\Debug\DC-Motor-PWM-opg 2.a(UART_1_IntClock.o)
 .comment       0x0000006e       0x6f .\CortexM3\ARM_GCC_541\Debug\DC-Motor-PWM-opg 2.a(CyLib.o)
 .comment       0x0000006e       0x6f .\CortexM3\ARM_GCC_541\Debug\DC-Motor-PWM-opg 2.a(cyPm.o)
 .comment       0x0000006e       0x6f .\CortexM3\ARM_GCC_541\Debug\DC-Motor-PWM-opg 2.a(CyFlash.o)
 .comment       0x0000006e       0x6f .\CortexM3\ARM_GCC_541\Debug\DC-Motor-PWM-opg 2.a(CySpc.o)

.debug_weaknames
 *(.debug_weaknames)

.debug_funcnames
 *(.debug_funcnames)

.debug_typenames
 *(.debug_typenames)

.debug_varnames
 *(.debug_varnames)

.note.gnu.arm.ident
 *(.note.gnu.arm.ident)

.ARM.attributes
                0x00000000       0x29
 *(.ARM.attributes)
 .ARM.attributes
                0x00000000       0x1d c:/program files (x86)/cypress/psoc creator/4.2/psoc creator/import/gnu/arm/5.4.1/bin/../lib/gcc/arm-none-eabi/5.4.1/armv7-m/crti.o
 .ARM.attributes
                0x0000001d       0x2d c:/program files (x86)/cypress/psoc creator/4.2/psoc creator/import/gnu/arm/5.4.1/bin/../lib/gcc/arm-none-eabi/5.4.1/armv7-m/crtbegin.o
 .ARM.attributes
                0x0000004a       0x1b c:/program files (x86)/cypress/psoc creator/4.2/psoc creator/import/gnu/arm/5.4.1/bin/../lib/gcc/arm-none-eabi/5.4.1/../../../../arm-none-eabi/lib/armv7-m/crt0.o
 .ARM.attributes
                0x00000065       0x33 .\CortexM3\ARM_GCC_541\Debug\main.o
 .ARM.attributes
                0x00000098       0x33 .\CortexM3\ARM_GCC_541\Debug\cyfitter_cfg.o
 .ARM.attributes
                0x000000cb       0x33 .\CortexM3\ARM_GCC_541\Debug\cymetadata.o
 .ARM.attributes
                0x000000fe       0x33 .\CortexM3\ARM_GCC_541\Debug\Cm3Start.o
 .ARM.attributes
                0x00000131       0x33 .\CortexM3\ARM_GCC_541\Debug\DC-Motor-PWM-opg 2.a(UART_1.o)
 .ARM.attributes
                0x00000164       0x33 .\CortexM3\ARM_GCC_541\Debug\DC-Motor-PWM-opg 2.a(isr_uart_rx.o)
 .ARM.attributes
                0x00000197       0x33 .\CortexM3\ARM_GCC_541\Debug\DC-Motor-PWM-opg 2.a(PWM_1.o)
 .ARM.attributes
                0x000001ca       0x33 .\CortexM3\ARM_GCC_541\Debug\DC-Motor-PWM-opg 2.a(Direction.o)
 .ARM.attributes
                0x000001fd       0x33 .\CortexM3\ARM_GCC_541\Debug\DC-Motor-PWM-opg 2.a(UART_1_IntClock.o)
 .ARM.attributes
                0x00000230       0x33 .\CortexM3\ARM_GCC_541\Debug\DC-Motor-PWM-opg 2.a(CyLib.o)
 .ARM.attributes
                0x00000263       0x33 .\CortexM3\ARM_GCC_541\Debug\DC-Motor-PWM-opg 2.a(cyPm.o)
 .ARM.attributes
                0x00000296       0x21 .\CortexM3\ARM_GCC_541\Debug\DC-Motor-PWM-opg 2.a(CyBootAsmGnu.o)
 .ARM.attributes
                0x000002b7       0x33 .\CortexM3\ARM_GCC_541\Debug\DC-Motor-PWM-opg 2.a(CyFlash.o)
 .ARM.attributes
                0x000002ea       0x33 .\CortexM3\ARM_GCC_541\Debug\DC-Motor-PWM-opg 2.a(CySpc.o)
 .ARM.attributes
                0x0000031d       0x2d c:/program files (x86)/cypress/psoc creator/4.2/psoc creator/import/gnu/arm/5.4.1/bin/../lib/gcc/arm-none-eabi/5.4.1/../../../../arm-none-eabi/lib/armv7-m\libg_nano.a(lib_a-errno.o)
 .ARM.attributes
                0x0000034a       0x2d c:/program files (x86)/cypress/psoc creator/4.2/psoc creator/import/gnu/arm/5.4.1/bin/../lib/gcc/arm-none-eabi/5.4.1/../../../../arm-none-eabi/lib/armv7-m\libg_nano.a(lib_a-exit.o)
 .ARM.attributes
                0x00000377       0x2d c:/program files (x86)/cypress/psoc creator/4.2/psoc creator/import/gnu/arm/5.4.1/bin/../lib/gcc/arm-none-eabi/5.4.1/../../../../arm-none-eabi/lib/armv7-m\libg_nano.a(lib_a-impure.o)
 .ARM.attributes
                0x000003a4       0x2d c:/program files (x86)/cypress/psoc creator/4.2/psoc creator/import/gnu/arm/5.4.1/bin/../lib/gcc/arm-none-eabi/5.4.1/../../../../arm-none-eabi/lib/armv7-m\libg_nano.a(lib_a-init.o)
 .ARM.attributes
                0x000003d1       0x2d c:/program files (x86)/cypress/psoc creator/4.2/psoc creator/import/gnu/arm/5.4.1/bin/../lib/gcc/arm-none-eabi/5.4.1/../../../../arm-none-eabi/lib/armv7-m\libg_nano.a(lib_a-memcpy-stub.o)
 .ARM.attributes
                0x000003fe       0x2d c:/program files (x86)/cypress/psoc creator/4.2/psoc creator/import/gnu/arm/5.4.1/bin/../lib/gcc/arm-none-eabi/5.4.1/../../../../arm-none-eabi/lib/armv7-m\libg_nano.a(lib_a-memset.o)
 .ARM.attributes
                0x0000042b       0x2d c:/program files (x86)/cypress/psoc creator/4.2/psoc creator/import/gnu/arm/5.4.1/bin/../lib/gcc/arm-none-eabi/5.4.1/../../../../arm-none-eabi/lib/armv7-m\libg_nano.a(lib_a-nano-vfprintf_float.o)
 .ARM.attributes
                0x00000458       0x2d c:/program files (x86)/cypress/psoc creator/4.2/psoc creator/import/gnu/arm/5.4.1/bin/../lib/gcc/arm-none-eabi/5.4.1/../../../../arm-none-eabi/lib/armv7-m\libg_nano.a(lib_a-nano-vfprintf_i.o)
 .ARM.attributes
                0x00000485       0x17 c:/program files (x86)/cypress/psoc creator/4.2/psoc creator/import/gnu/arm/5.4.1/bin/../lib/gcc/arm-none-eabi/5.4.1/../../../../arm-none-eabi/lib/armv7-m\libg_nano.a(lib_a-strlen.o)
 .ARM.attributes
                0x0000049c       0x2d c:/program files (x86)/cypress/psoc creator/4.2/psoc creator/import/gnu/arm/5.4.1/bin/../lib/gcc/arm-none-eabi/5.4.1/../../../../arm-none-eabi/lib/armv7-m\libg_nano.a(lib_a-dtoa.o)
 .ARM.attributes
                0x000004c9       0x2d c:/program files (x86)/cypress/psoc creator/4.2/psoc creator/import/gnu/arm/5.4.1/bin/../lib/gcc/arm-none-eabi/5.4.1/../../../../arm-none-eabi/lib/armv7-m\libg_nano.a(lib_a-locale.o)
 .ARM.attributes
                0x000004f6       0x2d c:/program files (x86)/cypress/psoc creator/4.2/psoc creator/import/gnu/arm/5.4.1/bin/../lib/gcc/arm-none-eabi/5.4.1/../../../../arm-none-eabi/lib/armv7-m\libg_nano.a(lib_a-malloc.o)
 .ARM.attributes
                0x00000523       0x2d c:/program files (x86)/cypress/psoc creator/4.2/psoc creator/import/gnu/arm/5.4.1/bin/../lib/gcc/arm-none-eabi/5.4.1/../../../../arm-none-eabi/lib/armv7-m\libg_nano.a(lib_a-memchr-stub.o)
 .ARM.attributes
                0x00000550       0x2d c:/program files (x86)/cypress/psoc creator/4.2/psoc creator/import/gnu/arm/5.4.1/bin/../lib/gcc/arm-none-eabi/5.4.1/../../../../arm-none-eabi/lib/armv7-m\libg_nano.a(lib_a-mprec.o)
 .ARM.attributes
                0x0000057d       0x2d c:/program files (x86)/cypress/psoc creator/4.2/psoc creator/import/gnu/arm/5.4.1/bin/../lib/gcc/arm-none-eabi/5.4.1/../../../../arm-none-eabi/lib/armv7-m\libg_nano.a(lib_a-nano-callocr.o)
 .ARM.attributes
                0x000005aa       0x2d c:/program files (x86)/cypress/psoc creator/4.2/psoc creator/import/gnu/arm/5.4.1/bin/../lib/gcc/arm-none-eabi/5.4.1/../../../../arm-none-eabi/lib/armv7-m\libg_nano.a(lib_a-nano-freer.o)
 .ARM.attributes
                0x000005d7       0x2d c:/program files (x86)/cypress/psoc creator/4.2/psoc creator/import/gnu/arm/5.4.1/bin/../lib/gcc/arm-none-eabi/5.4.1/../../../../arm-none-eabi/lib/armv7-m\libg_nano.a(lib_a-nano-mallocr.o)
 .ARM.attributes
                0x00000604       0x2d c:/program files (x86)/cypress/psoc creator/4.2/psoc creator/import/gnu/arm/5.4.1/bin/../lib/gcc/arm-none-eabi/5.4.1/../../../../arm-none-eabi/lib/armv7-m\libg_nano.a(lib_a-sbrkr.o)
 .ARM.attributes
                0x00000631       0x1b c:/program files (x86)/cypress/psoc creator/4.2/psoc creator/import/gnu/arm/5.4.1/bin/../lib/gcc/arm-none-eabi/5.4.1/../../../../arm-none-eabi/lib/armv7-m\libg_nano.a(lib_a-strcmp.o)
 .ARM.attributes
                0x0000064c       0x2d c:/program files (x86)/cypress/psoc creator/4.2/psoc creator/import/gnu/arm/5.4.1/bin/../lib/gcc/arm-none-eabi/5.4.1/../../../../arm-none-eabi/lib/armv7-m\libg_nano.a(lib_a-mlock.o)
 .ARM.attributes
                0x00000679       0x2d c:/program files (x86)/cypress/psoc creator/4.2/psoc creator/import/gnu/arm/5.4.1/bin/../lib/gcc/arm-none-eabi/5.4.1/../../../../arm-none-eabi/lib/armv7-m\libg_nano.a(lib_a-reent.o)
 .ARM.attributes
                0x000006a6       0x1d c:/program files (x86)/cypress/psoc creator/4.2/psoc creator/import/gnu/arm/5.4.1/bin/../lib/gcc/arm-none-eabi/5.4.1/armv7-m\libgcc.a(_arm_addsubdf3.o)
 .ARM.attributes
                0x000006c3       0x1d c:/program files (x86)/cypress/psoc creator/4.2/psoc creator/import/gnu/arm/5.4.1/bin/../lib/gcc/arm-none-eabi/5.4.1/armv7-m\libgcc.a(_arm_muldivdf3.o)
 .ARM.attributes
                0x000006e0       0x1d c:/program files (x86)/cypress/psoc creator/4.2/psoc creator/import/gnu/arm/5.4.1/bin/../lib/gcc/arm-none-eabi/5.4.1/armv7-m\libgcc.a(_arm_cmpdf2.o)
 .ARM.attributes
                0x000006fd       0x1d c:/program files (x86)/cypress/psoc creator/4.2/psoc creator/import/gnu/arm/5.4.1/bin/../lib/gcc/arm-none-eabi/5.4.1/armv7-m\libgcc.a(_arm_unorddf2.o)
 .ARM.attributes
                0x0000071a       0x1d c:/program files (x86)/cypress/psoc creator/4.2/psoc creator/import/gnu/arm/5.4.1/bin/../lib/gcc/arm-none-eabi/5.4.1/armv7-m\libgcc.a(_arm_fixdfsi.o)
 .ARM.attributes
                0x00000737       0x2d c:/program files (x86)/cypress/psoc creator/4.2/psoc creator/import/gnu/arm/5.4.1/bin/../lib/gcc/arm-none-eabi/5.4.1/armv7-m/crtend.o
 .ARM.attributes
                0x00000764       0x1d c:/program files (x86)/cypress/psoc creator/4.2/psoc creator/import/gnu/arm/5.4.1/bin/../lib/gcc/arm-none-eabi/5.4.1/armv7-m/crtn.o

/DISCARD/
 *(.note.GNU-stack)
OUTPUT(C:\Users\Viktor\OneDrive - Aarhus universitet\3. Semester\E3GFV\Exercises\1\DC-Motor-PWM-opg 2.cydsn\CortexM3\ARM_GCC_541\Debug\DC-Motor-PWM-opg 2.elf elf32-littlearm)
